Component: ARM Compiler 5.06 update 6 (build 750) Tool: armlink [4d35ed]

==============================================================================

Section Cross References

    main.o(i.Jumpto_APP) refers to stm32f10x_rcc.o(i.RCC_DeInit) for RCC_DeInit
    main.o(i.Jumpto_APP) refers to main.o(i.NVIC_DeInit) for NVIC_DeInit
    main.o(i.Jumpto_APP) refers to misc.o(i.NVIC_SetVectorTable) for NVIC_SetVectorTable
    main.o(i.Jumpto_APP) refers to core_cm3.o(.emb_text) for __set_MSP
    main.o(i.System_LoadUpdateFile) refers to ff.o(i.f_mount) for f_mount
    main.o(i.System_LoadUpdateFile) refers to noretval__2printf.o(.text) for __2printf
    main.o(i.System_LoadUpdateFile) refers to main.o(i.Jumpto_APP) for Jumpto_APP
    main.o(i.System_LoadUpdateFile) refers to ff.o(i.f_open) for f_open
    main.o(i.System_LoadUpdateFile) refers to ff.o(i.f_read) for f_read
    main.o(i.System_LoadUpdateFile) refers to stm32f10x_flash.o(i.FLASH_Unlock) for FLASH_Unlock
    main.o(i.System_LoadUpdateFile) refers to stm32f10x_flash.o(i.FLASH_ErasePage) for FLASH_ErasePage
    main.o(i.System_LoadUpdateFile) refers to stm32f10x_flash.o(i.FLASH_Lock) for FLASH_Lock
    main.o(i.System_LoadUpdateFile) refers to stm32f10x_flash.o(i.FLASH_ProgramHalfWord) for FLASH_ProgramHalfWord
    main.o(i.System_LoadUpdateFile) refers to main.o(.bss) for fs
    main.o(i.System_LoadUpdateFile) refers to main.o(.data) for Res
    main.o(i.main) refers to rcc.o(i.RCC_Configuration) for RCC_Configuration
    main.o(i.main) refers to usart.o(i.USART1_Configuration) for USART1_Configuration
    main.o(i.main) refers to main.o(i.System_LoadUpdateFile) for System_LoadUpdateFile
    rcc.o(i.RCC_Configuration) refers to stm32f10x_rcc.o(i.RCC_DeInit) for RCC_DeInit
    rcc.o(i.RCC_Configuration) refers to stm32f10x_rcc.o(i.RCC_HSEConfig) for RCC_HSEConfig
    rcc.o(i.RCC_Configuration) refers to stm32f10x_rcc.o(i.RCC_WaitForHSEStartUp) for RCC_WaitForHSEStartUp
    rcc.o(i.RCC_Configuration) refers to stm32f10x_rcc.o(i.RCC_HCLKConfig) for RCC_HCLKConfig
    rcc.o(i.RCC_Configuration) refers to stm32f10x_rcc.o(i.RCC_PCLK1Config) for RCC_PCLK1Config
    rcc.o(i.RCC_Configuration) refers to stm32f10x_rcc.o(i.RCC_PCLK2Config) for RCC_PCLK2Config
    rcc.o(i.RCC_Configuration) refers to stm32f10x_flash.o(i.FLASH_SetLatency) for FLASH_SetLatency
    rcc.o(i.RCC_Configuration) refers to stm32f10x_flash.o(i.FLASH_PrefetchBufferCmd) for FLASH_PrefetchBufferCmd
    rcc.o(i.RCC_Configuration) refers to stm32f10x_rcc.o(i.RCC_PLLConfig) for RCC_PLLConfig
    rcc.o(i.RCC_Configuration) refers to stm32f10x_rcc.o(i.RCC_PLLCmd) for RCC_PLLCmd
    rcc.o(i.RCC_Configuration) refers to stm32f10x_rcc.o(i.RCC_GetFlagStatus) for RCC_GetFlagStatus
    rcc.o(i.RCC_Configuration) refers to stm32f10x_rcc.o(i.RCC_SYSCLKConfig) for RCC_SYSCLKConfig
    rcc.o(i.RCC_Configuration) refers to stm32f10x_rcc.o(i.RCC_GetSYSCLKSource) for RCC_GetSYSCLKSource
    usart.o(i.USART1_Configuration) refers (Special) to use_no_semi_2.o(.text) for __use_no_semihosting
    usart.o(i.USART1_Configuration) refers to stm32f10x_rcc.o(i.RCC_APB2PeriphClockCmd) for RCC_APB2PeriphClockCmd
    usart.o(i.USART1_Configuration) refers to stm32f10x_gpio.o(i.GPIO_Init) for GPIO_Init
    usart.o(i.USART1_Configuration) refers to stm32f10x_usart.o(i.USART_Init) for USART_Init
    usart.o(i.USART1_Configuration) refers to stm32f10x_usart.o(i.USART_Cmd) for USART_Cmd
    usart.o(i._sys_exit) refers (Special) to use_no_semi_2.o(.text) for __use_no_semihosting
    usart.o(i.fputc) refers (Special) to use_no_semi_2.o(.text) for __use_no_semihosting
    usart.o(i.fputc) refers to stm32f10x_usart.o(i.USART_GetFlagStatus) for USART_GetFlagStatus
    usart.o(i.fputc) refers to stm32f10x_usart.o(i.USART_SendData) for USART_SendData
    usart.o(.data) refers (Special) to use_no_semi_2.o(.text) for __use_no_semihosting
    startup_stm32f10x_hd.o(STACK) refers (Special) to heapauxi.o(.text) for __use_two_region_memory
    startup_stm32f10x_hd.o(HEAP) refers (Special) to heapauxi.o(.text) for __use_two_region_memory
    startup_stm32f10x_hd.o(RESET) refers (Special) to heapauxi.o(.text) for __use_two_region_memory
    startup_stm32f10x_hd.o(RESET) refers to startup_stm32f10x_hd.o(STACK) for __initial_sp
    startup_stm32f10x_hd.o(RESET) refers to startup_stm32f10x_hd.o(.text) for Reset_Handler
    startup_stm32f10x_hd.o(RESET) refers to stm32f10x_it.o(i.NMI_Handler) for NMI_Handler
    startup_stm32f10x_hd.o(RESET) refers to stm32f10x_it.o(i.HardFault_Handler) for HardFault_Handler
    startup_stm32f10x_hd.o(RESET) refers to stm32f10x_it.o(i.MemManage_Handler) for MemManage_Handler
    startup_stm32f10x_hd.o(RESET) refers to stm32f10x_it.o(i.BusFault_Handler) for BusFault_Handler
    startup_stm32f10x_hd.o(RESET) refers to stm32f10x_it.o(i.UsageFault_Handler) for UsageFault_Handler
    startup_stm32f10x_hd.o(RESET) refers to stm32f10x_it.o(i.SVC_Handler) for SVC_Handler
[...]
    ../clib/signal.c                         0x00000000   Number         0  defsig_other.o ABSOLUTE
    ../clib/signal.c                         0x00000000   Number         0  defsig_segv_inner.o ABSOLUTE
    ../clib/signal.c                         0x00000000   Number         0  defsig_cppl_inner.o ABSOLUTE
    ../clib/signal.c                         0x00000000   Number         0  defsig_pvfn_inner.o ABSOLUTE
    ../clib/signal.c                         0x00000000   Number         0  defsig_stak_inner.o ABSOLUTE
    ../clib/signal.c                         0x00000000   Number         0  defsig_rtmem_formal.o ABSOLUTE
    ../clib/signal.c                         0x00000000   Number         0  defsig_rtmem_outer.o ABSOLUTE
    ../clib/signal.c                         0x00000000   Number         0  defsig_rtmem_inner.o ABSOLUTE
    ../clib/signal.c                         0x00000000   Number         0  defsig_rtred_inner.o ABSOLUTE
    ../clib/signal.c                         0x00000000   Number         0  defsig_abrt_inner.o ABSOLUTE
    ../clib/signal.c                         0x00000000   Number         0  defsig_exit.o ABSOLUTE
    ../clib/signal.c                         0x00000000   Number         0  defsig_general.o ABSOLUTE
    ../clib/signal.c                         0x00000000   Number         0  __raise.o ABSOLUTE
    ../clib/signal.s                         0x00000000   Number         0  defsig.o ABSOLUTE
    ../clib/stdio.c                          0x00000000   Number         0  ferror.o ABSOLUTE
    ../clib/stdio.c                          0x00000000   Number         0  ferror_locked.o ABSOLUTE
    ../clib/stdlib.c                         0x00000000   Number         0  exit.o ABSOLUTE
    ../fplib/fpinit.s                        0x00000000   Number         0  fpinit.o ABSOLUTE
    ..\CMSIS\Src\core_cm3.c                  0x00000000   Number         0  core_cm3.o ABSOLUTE
    ..\Drives\Src\rcc.c                      0x00000000   Number         0  rcc.o ABSOLUTE
    ..\Drives\Src\usart.c                    0x00000000   Number         0  usart.o ABSOLUTE
    ..\FATFS\Src\diskio.c                    0x00000000   Number         0  diskio.o ABSOLUTE
    ..\FATFS\Src\ff.c                        0x00000000   Number         0  ff.o ABSOLUTE
    ..\FATFS\Src\ffsystem.c                  0x00000000   Number         0  ffsystem.o ABSOLUTE
    ..\FATFS\Src\ffunicode.c                 0x00000000   Number         0  ffunicode.o ABSOLUTE
    ..\FWLIB\StartUp\startup_stm32f10x_hd.s  0x00000000   Number         0  startup_stm32f10x_hd.o ABSOLUTE
    ..\FWLIB\SystemSrc\system_stm32f10x.c    0x00000000   Number         0  system_stm32f10x.o ABSOLUTE
    ..\FWLIB\src\misc.c                      0x00000000   Number         0  misc.o ABSOLUTE
    ..\FWLIB\src\stm32f10x_dma.c             0x00000000   Number         0  stm32f10x_dma.o ABSOLUTE
    ..\FWLIB\src\stm32f10x_flash.c           0x00000000   Number         0  stm32f10x_flash.o ABSOLUTE
    ..\FWLIB\src\stm32f10x_gpio.c            0x00000000   Number         0  stm32f10x_gpio.o ABSOLUTE
    ..\FWLIB\src\stm32f10x_rcc.c             0x00000000   Number         0  stm32f10x_rcc.o ABSOLUTE
    ..\FWLIB\src\stm32f10x_sdio.c            0x00000000   Number         0  stm32f10x_sdio.o ABSOLUTE
    ..\FWLIB\src\stm32f10x_usart.c           0x00000000   Number         0  stm32f10x_usart.o ABSOLUTE
    ..\Interrupt\Src\stm32f10x_it.c          0x00000000   Number         0  stm32f10x_it.o ABSOLUTE
    ..\SDCard\Src\sdio_sd.c                  0x00000000   Number         0  sdio_sd.o ABSOLUTE
    ..\\CMSIS\\Src\\core_cm3.c               0x00000000   Number         0  core_cm3.o ABSOLUTE
    dc.s                                     0x00000000   Number         0  dc.o ABSOLUTE
    main.c                                   0x00000000   Number         0  main.o ABSOLUTE
    RESET                                    0x08000000   Section      304  startup_stm32f10x_hd.o(RESET)
    !!!main                                  0x08000130   Section        8  __main.o(!!!main)
    !!!scatter                               0x08000138   Section       52  __scatter.o(!!!scatter)
    !!handler_copy                           0x0800016c   Section       26  __scatter_copy.o(!!handler_copy)
    !!handler_zi                             0x08000188   Section       28  __scatter_zi.o(!!handler_zi)
    .ARM.Collect$$libinit$$00000000          0x080001a4   Section        2  libinit.o(.ARM.Collect$$libinit$$00000000)
    .ARM.Collect$$libinit$$00000002          0x080001a6   Section        0  libinit2.o(.ARM.Collect$$libinit$$00000002)
    .ARM.Collect$$libinit$$00000004          0x080001a6   Section        0  libinit2.o(.ARM.Collect$$libinit$$00000004)
    .ARM.Collect$$libinit$$0000000A          0x080001a6   Section        0  libinit2.o(.ARM.Collect$$libinit$$0000000A)
    .ARM.Collect$$libinit$$0000000C          0x080001a6   Section        0  libinit2.o(.ARM.Collect$$libinit$$0000000C)
    .ARM.Collect$$libinit$$0000000E          0x080001a6   Section        0  libinit2.o(.ARM.Collect$$libinit$$0000000E)
    .ARM.Collect$$libinit$$00000011          0x080001a6   Section        0  libinit2.o(.ARM.Collect$$libinit$$00000011)
    .ARM.Collect$$libinit$$00000013          0x080001a6   Section        0  libinit2.o(.ARM.Collect$$libinit$$00000013)
    .ARM.Collect$$libinit$$00000015          0x080001a6   Section        0  libinit2.o(.ARM.Collect$$libinit$$00000015)
    .ARM.Collect$$libinit$$00000017          0x080001a6   Section        0  libinit2.o(.ARM.Collect$$libinit$$00000017)
    .ARM.Collect$$libinit$$00000019          0x080001a6   Section        0  libinit2.o(.ARM.Collect$$libinit$$00000019)
    .ARM.Collect$$libinit$$0000001B          0x080001a6   Section        0  libinit2.o(.ARM.Collect$$libinit$$0000001B)
    .ARM.Collect$$libinit$$0000001D          0x080001a6   Section        0  libinit2.o(.ARM.Collect$$libinit$$0000001D)
    .ARM.Collect$$libinit$$0000001F          0x080001a6   Section        0  libinit2.o(.ARM.Collect$$libinit$$0000001F)
    .ARM.Collect$$libinit$$00000021          0x080001a6   Section        0  libinit2.o(.ARM.Collect$$libinit$$00000021)
    .ARM.Collect$$libinit$$00000023          0x080001a6   Section        0  libinit2.o(.ARM.Collect$$libinit$$00000023)
    .ARM.Collect$$libinit$$00000025          0x080001a6   Section        0  libinit2.o(.ARM.Collect$$libinit$$00000025)
    .ARM.Collect$$libinit$$0000002C          0x080001a6   Section        0  libinit2.o(.ARM.Collect$$libinit$$0000002C)
    .ARM.Collect$$libinit$$0000002E          0x080001a6   Section        0  libinit2.o(.ARM.Collect$$libinit$$0000002E)
    .ARM.Collect$$libinit$$00000030          0x080001a6   Section        0  libinit2.o(.ARM.Collect$$libinit$$00000030)
    .ARM.Collect$$libinit$$00000032          0x080001a6   Section        0  libinit2.o(.ARM.Collect$$libinit$$00000032)
    .ARM.Collect$$libinit$$00000033          0x080001a6   Section        2  libinit2.o(.ARM.Collect$$libinit$$00000033)
    .ARM.Collect$$libshutdown$$00000000      0x080001a8   Section        2  libshutdown.o(.ARM.Collect$$libshutdown$$00000000)
    .ARM.Collect$$libshutdown$$00000002      0x080001aa   Section        0  libshutdown2.o(.ARM.Collect$$libshutdown$$00000002)
    .ARM.Collect$$libshutdown$$00000004      0x080001aa   Section        0  libshutdown2.o(.ARM.Collect$$libshutdown$$00000004)
    .ARM.Collect$$libshutdown$$00000007      0x080001aa   Section        0  libshutdown2.o(.ARM.Collect$$libshutdown$$00000007)
    .ARM.Collect$$libshutdown$$0000000A      0x080001aa   Section        0  libshutdown2.o(.ARM.Collect$$libshutdown$$0000000A)
    .ARM.Collect$$libshutdown$$0000000C      0x080001aa   Section        0  libshutdown2.o(.ARM.Collect$$libshutdown$$0000000C)
    .ARM.Collect$$libshutdown$$0000000F      0x080001aa   Section        0  libshutdown2.o(.ARM.Collect$$libshutdown$$0000000F)
    .ARM.Collect$$libshutdown$$00000010      0x080001aa   Section        2  libshutdown2.o(.ARM.Collect$$libshutdown$$00000010)
    .ARM.Collect$$rtentry$$00000000          0x080001ac   Section        0  __rtentry.o(.ARM.Collect$$rtentry$$00000000)
    .ARM.Collect$$rtentry$$00000002          0x080001ac   Section        0  __rtentry2.o(.ARM.Collect$$rtentry$$00000002)
    .ARM.Collect$$rtentry$$00000004          0x080001ac   Section        6  __rtentry4.o(.ARM.Collect$$rtentry$$00000004)
    .ARM.Collect$$rtentry$$00000009          0x080001b2   Section        0  __rtentry2.o(.ARM.Collect$$rtentry$$00000009)
    .ARM.Collect$$rtentry$$0000000A          0x080001b2   Section        4  __rtentry2.o(.ARM.Collect$$rtentry$$0000000A)
    .ARM.Collect$$rtentry$$0000000C          0x080001b6   Section        0  __rtentry2.o(.ARM.Collect$$rtentry$$0000000C)
    .ARM.Collect$$rtentry$$0000000D          0x080001b6   Section        8  __rtentry2.o(.ARM.Collect$$rtentry$$0000000D)
    .ARM.Collect$$rtexit$$00000000           0x080001be   Section        2  rtexit.o(.ARM.Collect$$rtexit$$00000000)
    .ARM.Collect$$rtexit$$00000002           0x080001c0   Section        0  rtexit2.o(.ARM.Collect$$rtexit$$00000002)
    .ARM.Collect$$rtexit$$00000003           0x080001c0   Section        4  rtexit2.o(.ARM.Collect$$rtexit$$00000003)
    .ARM.Collect$$rtexit$$00000004           0x080001c4   Section        6  rtexit2.o(.ARM.Collect$$rtexit$$00000004)
    .emb_text                                0x080001cc   Section       32  core_cm3.o(.emb_text)
    .text                                    0x080001ec   Section       64  startup_stm32f10x_hd.o(.text)
    .text                                    0x0800022c   Section        2  use_no_semi_2.o(.text)
    .text                                    0x08000230   Section        0  noretval__2printf.o(.text)
    .text                                    0x08000248   Section      138  rt_memcpy_v6.o(.text)
    .text                                    0x080002d2   Section        0  heapauxi.o(.text)
    .text                                    0x080002d8   Section        2  use_no_semi.o(.text)
    .text                                    0x080002dc   Section        0  _printf_char_file.o(.text)
    .text                                    0x08000300   Section      100  rt_memcpy_w.o(.text)
    .text                                    0x08000364   Section        0  _printf_char_common.o(.text)
    _printf_input_char                       0x08000365   Thumb Code    10  _printf_char_common.o(.text)
    .text                                    0x08000394   Section        0  ferror.o(.text)
    .text                                    0x0800039c   Section       74  sys_stackheap_outer.o(.text)
    .text                                    0x080003e6   Section        0  __printf_nopercent.o(.text)
    .text                                    0x0800040e   Section        0  exit.o(.text)
    .text                                    0x08000420   Section        8  libspace.o(.text)
    i.BusFault_Handler                       0x08000428   Section        0  stm32f10x_it.o(i.BusFault_Handler)
    i.CmdError                               0x0800042c   Section        0  sdio_sd.o(i.CmdError)
    CmdError                                 0x0800042d   Thumb Code    44  sdio_sd.o(i.CmdError)
    i.CmdResp1Error                          0x08000458   Section        0  sdio_sd.o(i.CmdResp1Error)
    CmdResp1Error                            0x08000459   Thumb Code    36  sdio_sd.o(i.CmdResp1Error)
    i.CmdResp2Error                          0x08000480   Section        0  sdio_sd.o(i.CmdResp2Error)
    CmdResp2Error                            0x08000481   Thumb Code    70  sdio_sd.o(i.CmdResp2Error)
    i.CmdResp3Error                          0x080004cc   Section        0  sdio_sd.o(i.CmdResp3Error)
    CmdResp3Error                            0x080004cd   Thumb Code    52  sdio_sd.o(i.CmdResp3Error)
    i.CmdResp6Error                          0x08000504   Section        0  sdio_sd.o(i.CmdResp6Error)
    CmdResp6Error                            0x08000505   Thumb Code   152  sdio_sd.o(i.CmdResp6Error)
    i.CmdResp7Error                          0x080005a0   Section        0  sdio_sd.o(i.CmdResp7Error)
    CmdResp7Error                            0x080005a1   Thumb Code    72  sdio_sd.o(i.CmdResp7Error)
    i.DMA1_Channel5_IRQHandler               0x080005ec   Section        0  stm32f10x_it.o(i.DMA1_Channel5_IRQHandler)
    i.DMA_ClearFlag                          0x08000604   Section        0  stm32f10x_dma.o(i.DMA_ClearFlag)
    i.DMA_ClearITPendingBit                  0x08000620   Section        0  stm32f10x_dma.o(i.DMA_ClearITPendingBit)
    i.DMA_Cmd                                0x0800063c   Section        0  stm32f10x_dma.o(i.DMA_Cmd)
    i.DMA_GetITStatus                        0x08000654   Section        0  stm32f10x_dma.o(i.DMA_GetITStatus)
    i.DMA_Init                               0x08000680   Section        0  stm32f10x_dma.o(i.DMA_Init)
    i.DebugMon_Handler                       0x080006bc   Section        0  stm32f10x_it.o(i.DebugMon_Handler)
    i.FLASH_ErasePage                        0x080006c0   Section        0  stm32f10x_flash.o(i.FLASH_ErasePage)
    i.FLASH_GetBank1Status                   0x0800070c   Section        0  stm32f10x_flash.o(i.FLASH_GetBank1Status)
    i.FLASH_Lock                             0x08000740   Section        0  stm32f10x_flash.o(i.FLASH_Lock)
    i.FLASH_PrefetchBufferCmd                0x08000754   Section        0  stm32f10x_flash.o(i.FLASH_PrefetchBufferCmd)
    i.FLASH_ProgramHalfWord                  0x08000770   Section        0  stm32f10x_flash.o(i.FLASH_ProgramHalfWord)
    i.FLASH_SetLatency                       0x080007b0   Section        0  stm32f10x_flash.o(i.FLASH_SetLatency)
    i.FLASH_Unlock                           0x080007c8   Section        0  stm32f10x_flash.o(i.FLASH_Unlock)
    i.FLASH_WaitForLastOperation             0x080007e0   Section        0  stm32f10x_flash.o(i.FLASH_WaitForLastOperation)
    i.FindSCR                                0x08000808   Section        0  sdio_sd.o(i.FindSCR)
    FindSCR                                  0x08000809   Thumb Code   386  sdio_sd.o(i.FindSCR)
    i.GPIO_Init                              0x0800099c   Section        0  stm32f10x_gpio.o(i.GPIO_Init)
    i.HardFault_Handler                      0x08000ab2   Section        0  stm32f10x_it.o(i.HardFault_Handler)
    i.IsCardProgramming                      0x08000ab8   Section        0  sdio_sd.o(i.IsCardProgramming)
    IsCardProgramming                        0x08000ab9   Thumb Code   396  sdio_sd.o(i.IsCardProgramming)
    i.Jumpto_APP                             0x08000c54   Section        0  main.o(i.Jumpto_APP)
    i.MemManage_Handler                      0x08000c84   Section        0  stm32f10x_it.o(i.MemManage_Handler)
    i.NMI_Handler                            0x08000c88   Section        0  stm32f10x_it.o(i.NMI_Handler)
    i.NVIC_DeInit                            0x08000c8c   Section        0  main.o(i.NVIC_DeInit)
    i.NVIC_Init                              0x08000ccc   Section        0  misc.o(i.NVIC_Init)
    i.NVIC_PriorityGroupConfig               0x08000d3c   Section        0  misc.o(i.NVIC_PriorityGroupConfig)
    i.NVIC_SD_Configuration                  0x08000d50   Section        0  sdio_sd.o(i.NVIC_SD_Configuration)
    i.NVIC_SetVectorTable                    0x08000d78   Section        0  misc.o(i.NVIC_SetVectorTable)
    i.RCC_AHBPeriphClockCmd                  0x08000d8c   Section        0  stm32f10x_rcc.o(i.RCC_AHBPeriphClockCmd)
    i.RCC_APB2PeriphClockCmd                 0x08000dac   Section        0  stm32f10x_rcc.o(i.RCC_APB2PeriphClockCmd)
    i.RCC_Configuration                      0x08000dcc   Section        0  rcc.o(i.RCC_Configuration)
    i.RCC_DeInit                             0x08000e30   Section        0  stm32f10x_rcc.o(i.RCC_DeInit)
    i.RCC_GetClocksFreq                      0x08000e7c   Section        0  stm32f10x_rcc.o(i.RCC_GetClocksFreq)
    i.RCC_GetFlagStatus                      0x08000f50   Section        0  stm32f10x_rcc.o(i.RCC_GetFlagStatus)
    i.RCC_GetSYSCLKSource                    0x08000f8c   Section        0  stm32f10x_rcc.o(i.RCC_GetSYSCLKSource)
    i.RCC_HCLKConfig                         0x08000f9c   Section        0  stm32f10x_rcc.o(i.RCC_HCLKConfig)
    i.RCC_HSEConfig                          0x08000fb4   Section        0  stm32f10x_rcc.o(i.RCC_HSEConfig)
    i.RCC_PCLK1Config                        0x08001000   Section        0  stm32f10x_rcc.o(i.RCC_PCLK1Config)
    i.RCC_PCLK2Config                        0x08001018   Section        0  stm32f10x_rcc.o(i.RCC_PCLK2Config)
    i.RCC_PLLCmd                             0x08001030   Section        0  stm32f10x_rcc.o(i.RCC_PLLCmd)
    i.RCC_PLLConfig                          0x0800103c   Section        0  stm32f10x_rcc.o(i.RCC_PLLConfig)
    i.RCC_SYSCLKConfig                       0x08001058   Section        0  stm32f10x_rcc.o(i.RCC_SYSCLKConfig)
    i.RCC_WaitForHSEStartUp                  0x08001070   Section        0  stm32f10x_rcc.o(i.RCC_WaitForHSEStartUp)
    i.SDEnWideBus                            0x080010a8   Section        0  sdio_sd.o(i.SDEnWideBus)
    SDEnWideBus                              0x080010a9   Thumb Code   274  sdio_sd.o(i.SDEnWideBus)
    i.SDIO_ClearFlag                         0x080011c4   Section        0  stm32f10x_sdio.o(i.SDIO_ClearFlag)
    i.SDIO_ClearITPendingBit                 0x080011d0   Section        0  stm32f10x_sdio.o(i.SDIO_ClearITPendingBit)
    i.SDIO_ClockCmd                          0x080011dc   Section        0  stm32f10x_sdio.o(i.SDIO_ClockCmd)
    i.SDIO_DMACmd                            0x080011e8   Section        0  stm32f10x_sdio.o(i.SDIO_DMACmd)
    i.SDIO_DataConfig                        0x080011f4   Section        0  stm32f10x_sdio.o(i.SDIO_DataConfig)
    i.SDIO_DeInit                            0x08001224   Section        0  stm32f10x_sdio.o(i.SDIO_DeInit)
    i.SDIO_GetCommandResponse                0x08001248   Section        0  stm32f10x_sdio.o(i.SDIO_GetCommandResponse)
    i.SDIO_GetFlagStatus                     0x08001254   Section        0  stm32f10x_sdio.o(i.SDIO_GetFlagStatus)
    i.SDIO_GetITStatus                       0x0800126c   Section        0  stm32f10x_sdio.o(i.SDIO_GetITStatus)
    i.SDIO_GetPowerState                     0x08001284   Section        0  stm32f10x_sdio.o(i.SDIO_GetPowerState)
    i.SDIO_GetResponse                       0x08001294   Section        0  stm32f10x_sdio.o(i.SDIO_GetResponse)
    i.SDIO_IRQHandler                        0x080012ac   Section        0  stm32f10x_it.o(i.SDIO_IRQHandler)
    i.SDIO_ITConfig                          0x080012b4   Section        0  stm32f10x_sdio.o(i.SDIO_ITConfig)
    i.SDIO_Init                              0x080012d4   Section        0  stm32f10x_sdio.o(i.SDIO_Init)
    i.SDIO_ReadData                          0x08001304   Section        0  stm32f10x_sdio.o(i.SDIO_ReadData)
    i.SDIO_SendCommand                       0x08001310   Section        0  stm32f10x_sdio.o(i.SDIO_SendCommand)
    i.SDIO_SetPowerState                     0x0800133c   Section        0  stm32f10x_sdio.o(i.SDIO_SetPowerState)
    i.SD_EnableWideBusOperation              0x08001358   Section        0  sdio_sd.o(i.SD_EnableWideBusOperation)
    i.SD_GetCardInfo                         0x080013ec   Section        0  sdio_sd.o(i.SD_GetCardInfo)
    i.SD_Init                                0x08001700   Section        0  sdio_sd.o(i.SD_Init)
    i.SD_InitializeCards                     0x08001774   Section        0  sdio_sd.o(i.SD_InitializeCards)
    i.SD_LowLevel_DMA_RxConfig               0x080018b0   Section        0  sdio_sd.o(i.SD_LowLevel_DMA_RxConfig)
    i.SD_LowLevel_DMA_TxConfig               0x08001914   Section        0  sdio_sd.o(i.SD_LowLevel_DMA_TxConfig)
    i.SD_LowLevel_Init                       0x08001978   Section        0  sdio_sd.o(i.SD_LowLevel_Init)
    i.SD_PowerON                             0x080019ec   Section        0  sdio_sd.o(i.SD_PowerON)
    i.SD_ProcessIRQSrc                       0x08001bd8   Section        0  sdio_sd.o(i.SD_ProcessIRQSrc)
    i.SD_ReadBlock                           0x08001cf4   Section        0  sdio_sd.o(i.SD_ReadBlock)
    i.SD_ReadDisk                            0x08001e54   Section        0  sdio_sd.o(i.SD_ReadDisk)
    i.SD_ReadMultiBlocks                     0x08001ed0   Section        0  sdio_sd.o(i.SD_ReadMultiBlocks)
    i.SD_SelectDeselect                      0x0800205c   Section        0  sdio_sd.o(i.SD_SelectDeselect)
    i.SD_WriteBlock                          0x08002090   Section        0  sdio_sd.o(i.SD_WriteBlock)
    i.SD_WriteDisk                           0x080022d0   Section        0  sdio_sd.o(i.SD_WriteDisk)
    i.SD_WriteMultiBlocks                    0x0800234c   Section        0  sdio_sd.o(i.SD_WriteMultiBlocks)
    i.SVC_Handler                            0x08002580   Section        0  stm32f10x_it.o(i.SVC_Handler)
    i.SetSysClock                            0x08002582   Section        0  system_stm32f10x.o(i.SetSysClock)
    SetSysClock                              0x08002583   Thumb Code     8  system_stm32f10x.o(i.SetSysClock)
    i.SetSysClockTo72                        0x0800258c   Section        0  system_stm32f10x.o(i.SetSysClockTo72)
    SetSysClockTo72                          0x0800258d   Thumb Code   214  system_stm32f10x.o(i.SetSysClockTo72)
    i.SystemInit                             0x0800266c   Section        0  system_stm32f10x.o(i.SystemInit)
    i.System_LoadUpdateFile                  0x080026cc   Section        0  main.o(i.System_LoadUpdateFile)
    i.USART1_Configuration                   0x080028b8   Section        0  usart.o(i.USART1_Configuration)
    i.USART_Cmd                              0x08002948   Section        0  stm32f10x_usart.o(i.USART_Cmd)
    i.USART_GetFlagStatus                    0x08002960   Section        0  stm32f10x_usart.o(i.USART_GetFlagStatus)
    i.USART_Init                             0x0800297c   Section        0  stm32f10x_usart.o(i.USART_Init)
    i.USART_SendData                         0x08002a54   Section        0  stm32f10x_usart.o(i.USART_SendData)
    i.UsageFault_Handler                     0x08002a5c   Section        0  stm32f10x_it.o(i.UsageFault_Handler)
    i._sys_exit                              0x08002a60   Section        0  usart.o(i._sys_exit)
    i.check_fs                               0x08002a64   Section        0  ff.o(i.check_fs)
    check_fs                                 0x08002a65   Thumb Code   112  ff.o(i.check_fs)
    i.chk_chr                                0x08002ae0   Section        0  ff.o(i.chk_chr)
    chk_chr                                  0x08002ae1   Thumb Code    20  ff.o(i.chk_chr)
    i.clmt_clust                             0x08002af4   Section        0  ff.o(i.clmt_clust)
    clmt_clust                               0x08002af5   Thumb Code    50  ff.o(i.clmt_clust)
    i.clst2sect                              0x08002b26   Section        0  ff.o(i.clst2sect)
    clst2sect                                0x08002b27   Thumb Code    26  ff.o(i.clst2sect)
    i.cmp_lfn                                0x08002b40   Section        0  ff.o(i.cmp_lfn)
    cmp_lfn                                  0x08002b41   Thumb Code   148  ff.o(i.cmp_lfn)
    i.convert_from_bytes_to_power_of_two     0x08002bd8   Section        0  sdio_sd.o(i.convert_from_bytes_to_power_of_two)
    i.create_chain                           0x08002bea   Section        0  ff.o(i.create_chain)
    create_chain                             0x08002beb   Thumb Code   288  ff.o(i.create_chain)
    i.create_name                            0x08002d0c   Section        0  ff.o(i.create_name)
    create_name                              0x08002d0d   Thumb Code   680  ff.o(i.create_name)
    i.dbc_1st                                0x08002fcc   Section        0  ff.o(i.dbc_1st)
    dbc_1st                                  0x08002fcd   Thumb Code    12  ff.o(i.dbc_1st)
    i.dbc_2nd                                0x08002fd8   Section        0  ff.o(i.dbc_2nd)
    dbc_2nd                                  0x08002fd9   Thumb Code    12  ff.o(i.dbc_2nd)
    i.dir_alloc                              0x08002fe4   Section        0  ff.o(i.dir_alloc)
    dir_alloc                                0x08002fe5   Thumb Code    96  ff.o(i.dir_alloc)
    i.dir_clear                              0x08003044   Section        0  ff.o(i.dir_clear)
    dir_clear                                0x08003045   Thumb Code   100  ff.o(i.dir_clear)
    i.dir_find                               0x080030a8   Section        0  ff.o(i.dir_find)
    dir_find                                 0x080030a9   Thumb Code   252  ff.o(i.dir_find)
    i.dir_next                               0x080031a4   Section        0  ff.o(i.dir_next)
    dir_next                                 0x080031a5   Thumb Code   198  ff.o(i.dir_next)
    i.dir_register                           0x0800326a   Section        0  ff.o(i.dir_register)
    dir_register                             0x0800326b   Thumb Code   322  ff.o(i.dir_register)
    i.dir_sdi                                0x080033ac   Section        0  ff.o(i.dir_sdi)
    dir_sdi                                  0x080033ad   Thumb Code   154  ff.o(i.dir_sdi)
    i.disk_initialize                        0x08003446   Section        0  diskio.o(i.disk_initialize)
    i.disk_read                              0x08003462   Section        0  diskio.o(i.disk_read)
    i.disk_status                            0x080034a2   Section        0  diskio.o(i.disk_status)
    i.disk_write                             0x080034c4   Section        0  diskio.o(i.disk_write)
    i.f_mount                                0x0800351c   Section        0  ff.o(i.f_mount)
    i.f_open                                 0x08003570   Section        0  ff.o(i.f_open)
    i.f_read                                 0x08003758   Section        0  ff.o(i.f_read)
    i.ff_oem2uni                             0x08003904   Section        0  ffunicode.o(i.ff_oem2uni)
    i.ff_uni2oem                             0x08003930   Section        0  ffunicode.o(i.ff_uni2oem)
    i.ff_wtoupper                            0x08003970   Section        0  ffunicode.o(i.ff_wtoupper)
    i.find_volume                            0x08003a20   Section        0  ff.o(i.find_volume)
    find_volume                              0x08003a21   Thumb Code   766  ff.o(i.find_volume)
    i.follow_path                            0x08003d38   Section        0  ff.o(i.follow_path)
    follow_path                              0x08003d39   Thumb Code   202  ff.o(i.follow_path)
    i.fputc                                  0x08003e04   Section        0  usart.o(i.fputc)
    i.gen_numname                            0x08003e28   Section        0  ff.o(i.gen_numname)
    gen_numname                              0x08003e29   Thumb Code   198  ff.o(i.gen_numname)
    i.get_fat                                0x08003ef4   Section        0  ff.o(i.get_fat)
    get_fat                                  0x08003ef5   Thumb Code   224  ff.o(i.get_fat)
    i.get_fattime                            0x08003fd4   Section        0  diskio.o(i.get_fattime)
    i.get_ldnumber                           0x08003fd8   Section        0  ff.o(i.get_ldnumber)
    get_ldnumber                             0x08003fd9   Thumb Code    76  ff.o(i.get_ldnumber)
    i.ld_clust                               0x08004024   Section        0  ff.o(i.ld_clust)
    ld_clust                                 0x08004025   Thumb Code    38  ff.o(i.ld_clust)
    i.ld_dword                               0x0800404a   Section        0  ff.o(i.ld_dword)
    ld_dword                                 0x0800404b   Thumb Code    24  ff.o(i.ld_dword)
    i.ld_word                                0x08004062   Section        0  ff.o(i.ld_word)
    ld_word                                  0x08004063   Thumb Code    12  ff.o(i.ld_word)
    i.main                                   0x08004070   Section        0  main.o(i.main)
    i.mem_cmp                                0x0800409c   Section        0  ff.o(i.mem_cmp)
    mem_cmp                                  0x0800409d   Thumb Code    36  ff.o(i.mem_cmp)
    i.mem_cpy                                0x080040c0   Section        0  ff.o(i.mem_cpy)
    mem_cpy                                  0x080040c1   Thumb Code    26  ff.o(i.mem_cpy)
    i.mem_set                                0x080040da   Section        0  ff.o(i.mem_set)
    mem_set                                  0x080040db   Thumb Code    18  ff.o(i.mem_set)
    i.move_window                            0x080040ec   Section        0  ff.o(i.move_window)
    move_window                              0x080040ed   Thumb Code    52  ff.o(i.move_window)
    i.put_fat                                0x08004120   Section        0  ff.o(i.put_fat)
    put_fat                                  0x08004121   Thumb Code   312  ff.o(i.put_fat)
    i.put_lfn                                0x08004258   Section        0  ff.o(i.put_lfn)
    put_lfn                                  0x08004259   Thumb Code   124  ff.o(i.put_lfn)
    i.remove_chain                           0x080042d8   Section        0  ff.o(i.remove_chain)
    remove_chain                             0x080042d9   Thumb Code   154  ff.o(i.remove_chain)
    i.st_clust                               0x08004372   Section        0  ff.o(i.st_clust)
    st_clust                                 0x08004373   Thumb Code    36  ff.o(i.st_clust)
    i.st_dword                               0x08004396   Section        0  ff.o(i.st_dword)
    st_dword                                 0x08004397   Thumb Code    24  ff.o(i.st_dword)
    i.st_word                                0x080043ae   Section        0  ff.o(i.st_word)
    st_word                                  0x080043af   Thumb Code    12  ff.o(i.st_word)
    i.sum_sfn                                0x080043ba   Section        0  ff.o(i.sum_sfn)
    sum_sfn                                  0x080043bb   Thumb Code    32  ff.o(i.sum_sfn)
    i.sync_window                            0x080043da   Section        0  ff.o(i.sync_window)
    sync_window                              0x080043db   Thumb Code    74  ff.o(i.sync_window)
    i.tchar2uni                              0x08004424   Section        0  ff.o(i.tchar2uni)
    tchar2uni                                0x08004425   Thumb Code    76  ff.o(i.tchar2uni)
    i.validate                               0x08004470   Section        0  ff.o(i.validate)
    validate                                 0x08004471   Thumb Code    60  ff.o(i.validate)
    .constdata                               0x080044ac   Section      186  ff.o(.constdata)
    LfnOfs                                   0x080044ac   Data          13  ff.o(.constdata)
    ExCvt                                    0x080044b9   Data         128  ff.o(.constdata)
    badchr                                   0x08004539   Data          16  ff.o(.constdata)
    cst                                      0x0800454a   Data          14  ff.o(.constdata)
    cst32                                    0x08004558   Data          14  ff.o(.constdata)
    .constdata                               0x08004566   Section      942  ffunicode.o(.constdata)
    uc437                                    0x08004566   Data         256  ffunicode.o(.constdata)
    cvt1                                     0x08004666   Data         498  ffunicode.o(.constdata)
    cvt2                                     0x08004858   Data         188  ffunicode.o(.constdata)
    .data                                    0x20000000   Section        1  main.o(.data)
    .data                                    0x20000004   Section        4  usart.o(.data)
    .data                                    0x20000008   Section       20  stm32f10x_rcc.o(.data)
    APBAHBPrescTable                         0x20000008   Data          16  stm32f10x_rcc.o(.data)
    ADCPrescTable                            0x20000018   Data           4  stm32f10x_rcc.o(.data)
    .data                                    0x2000001c   Section       20  sdio_sd.o(.data)
    CardType                                 0x2000001c   Data           4  sdio_sd.o(.data)
    RCA                                      0x20000020   Data           4  sdio_sd.o(.data)
    .data                                    0x20000030   Section        6  ff.o(.data)
    FatFs                                    0x20000030   Data           4  ff.o(.data)
    Fsid                                     0x20000034   Data           2  ff.o(.data)
    .bss                                     0x20000038   Section     5220  main.o(.bss)
    .bss                                     0x200014a0   Section      720  sdio_sd.o(.bss)
    CSD_Tab                                  0x200014e4   Data          16  sdio_sd.o(.bss)
    CID_Tab                                  0x200014f4   Data          16  sdio_sd.o(.bss)
    SDSTATUS_Tab                             0x20001504   Data          16  sdio_sd.o(.bss)
    .bss                                     0x20001770   Section      512  ff.o(.bss)
    LfnBuf                                   0x20001770   Data         512  ff.o(.bss)
    .bss                                     0x20001970   Section       96  libspace.o(.bss)
    HEAP                                     0x200019d0   Section     1024  startup_stm32f10x_hd.o(HEAP)
    Heap_Mem                                 0x200019d0   Data        1024  startup_stm32f10x_hd.o(HEAP)
    STACK                                    0x20001dd0   Section     4096  startup_stm32f10x_hd.o(STACK)
    Stack_Mem                                0x20001dd0   Data        4096  startup_stm32f10x_hd.o(STACK)
    __initial_sp                             0x20002dd0   Data           0  startup_stm32f10x_hd.o(STACK)

    Global Symbols

    Symbol Name                              Value     Ov Type        Size  Object(Section)

    BuildAttributes$$THM_ISAv4$P$D$K$B$S$PE$A:L22UL41UL21$X:L11$S22US41US21$IEEE1$IW$USESV6$~STKCKD$USESV7$~SHL$OSPACE$ROPI$EBA8$UX$STANDARDLIB$REQ8$PRES8$EABIv2 0x00000000   Number         0  anon$$obj.o ABSOLUTE
    __ARM_use_no_argv                        0x00000000   Number         0  main.o ABSOLUTE
    __ARM_exceptions_init                     - Undefined Weak Reference
    __alloca_initialize                       - Undefined Weak Reference
    __arm_preinit_                            - Undefined Weak Reference
    __cpp_initialize__aeabi_                  - Undefined Weak Reference
    __cxa_finalize                            - Undefined Weak Reference
    __rt_locale                               - Undefined Weak Reference
    __sigvec_lookup                           - Undefined Weak Reference
    _atexit_init                              - Undefined Weak Reference
    _call_atexit_fns                          - Undefined Weak Reference
    _clock_init                               - Undefined Weak Reference
    _fp_trap_init                             - Undefined Weak Reference
    _fp_trap_shutdown                         - Undefined Weak Reference
    _get_lc_collate                           - Undefined Weak Reference
    _get_lc_ctype                             - Undefined Weak Reference
    _get_lc_monetary                          - Undefined Weak Reference
    _get_lc_numeric                           - Undefined Weak Reference
    _get_lc_time                              - Undefined Weak Reference
    _getenv_init                              - Undefined Weak Reference
    _handle_redirection                       - Undefined Weak Reference
    _init_alloc                               - Undefined Weak Reference
    _init_user_alloc                          - Undefined Weak Reference
    _initio                                   - Undefined Weak Reference
    _mutex_acquire                            - Undefined Weak Reference
    _mutex_release                            - Undefined Weak Reference
    _rand_init                                - Undefined Weak Reference
    _signal_finish                            - Undefined Weak Reference
    _signal_init                              - Undefined Weak Reference
    _terminate_alloc                          - Undefined Weak Reference
    _terminate_user_alloc                     - Undefined Weak Reference
    _terminateio                              - Undefined Weak Reference
    __Vectors_Size                           0x00000130   Number         0  startup_stm32f10x_hd.o ABSOLUTE
    __Vectors                                0x08000000   Data           4  startup_stm32f10x_hd.o(RESET)
    __Vectors_End                            0x08000130   Data           0  startup_stm32f10x_hd.o(RESET)
    __main                                   0x08000131   Thumb Code     8  __main.o(!!!main)
    __scatterload                            0x08000139   Thumb Code     0  __scatter.o(!!!scatter)
    __scatterload_rt2                        0x08000139   Thumb Code    44  __scatter.o(!!!scatter)
    __scatterload_rt2_thumb_only             0x08000139   Thumb Code     0  __scatter.o(!!!scatter)
    __scatterload_null                       0x08000147   Thumb Code     0  __scatter.o(!!!scatter)
    __scatterload_copy                       0x0800016d   Thumb Code    26  __scatter_copy.o(!!handler_copy)
    __scatterload_zeroinit                   0x08000189   Thumb Code    28  __scatter_zi.o(!!handler_zi)
    __rt_lib_init                            0x080001a5   Thumb Code     0  libinit.o(.ARM.Collect$$libinit$$00000000)
    __rt_lib_init_alloca_1                   0x080001a7   Thumb Code     0  libinit2.o(.ARM.Collect$$libinit$$0000002E)
    __rt_lib_init_argv_1                     0x080001a7   Thumb Code     0  libinit2.o(.ARM.Collect$$libinit$$0000002C)
    __rt_lib_init_atexit_1                   0x080001a7   Thumb Code     0  libinit2.o(.ARM.Collect$$libinit$$0000001B)
    __rt_lib_init_clock_1                    0x080001a7   Thumb Code     0  libinit2.o(.ARM.Collect$$libinit$$00000021)
    __rt_lib_init_cpp_1                      0x080001a7   Thumb Code     0  libinit2.o(.ARM.Collect$$libinit$$00000032)
    __rt_lib_init_exceptions_1               0x080001a7   Thumb Code     0  libinit2.o(.ARM.Collect$$libinit$$00000030)
    __rt_lib_init_fp_1                       0x080001a7   Thumb Code     0  libinit2.o(.ARM.Collect$$libinit$$00000002)
    __rt_lib_init_fp_trap_1                  0x080001a7   Thumb Code     0  libinit2.o(.ARM.Collect$$libinit$$0000001F)
    __rt_lib_init_getenv_1                   0x080001a7   Thumb Code     0  libinit2.o(.ARM.Collect$$libinit$$00000023)
    __rt_lib_init_heap_1                     0x080001a7   Thumb Code     0  libinit2.o(.ARM.Collect$$libinit$$0000000A)
    __rt_lib_init_lc_collate_1               0x080001a7   Thumb Code     0  libinit2.o(.ARM.Collect$$libinit$$00000011)
    __rt_lib_init_lc_ctype_1                 0x080001a7   Thumb Code     0  libinit2.o(.ARM.Collect$$libinit$$00000013)
    __rt_lib_init_lc_monetary_1              0x080001a7   Thumb Code     0  libinit2.o(.ARM.Collect$$libinit$$00000015)
    __rt_lib_init_lc_numeric_1               0x080001a7   Thumb Code     0  libinit2.o(.ARM.Collect$$libinit$$00000017)
    __rt_lib_init_lc_time_1                  0x080001a7   Thumb Code     0  libinit2.o(.ARM.Collect$$libinit$$00000019)
    __rt_lib_init_preinit_1                  0x080001a7   Thumb Code     0  libinit2.o(.ARM.Collect$$libinit$$00000004)
    __rt_lib_init_rand_1                     0x080001a7   Thumb Code     0  libinit2.o(.ARM.Collect$$libinit$$0000000E)
    __rt_lib_init_return                     0x080001a7   Thumb Code     0  libinit2.o(.ARM.Collect$$libinit$$00000033)
    __rt_lib_init_signal_1                   0x080001a7   Thumb Code     0  libinit2.o(.ARM.Collect$$libinit$$0000001D)
    __rt_lib_init_stdio_1                    0x080001a7   Thumb Code     0  libinit2.o(.ARM.Collect$$libinit$$00000025)
    __rt_lib_init_user_alloc_1               0x080001a7   Thumb Code     0  libinit2.o(.ARM.Collect$$libinit$$0000000C)
    __rt_lib_shutdown                        0x080001a9   Thumb Code     0  libshutdown.o(.ARM.Collect$$libshutdown$$00000000)
    __rt_lib_shutdown_cpp_1                  0x080001ab   Thumb Code     0  libshutdown2.o(.ARM.Collect$$libshutdown$$00000002)
    __rt_lib_shutdown_fp_trap_1              0x080001ab   Thumb Code     0  libshutdown2.o(.ARM.Collect$$libshutdown$$00000007)
    __rt_lib_shutdown_heap_1                 0x080001ab   Thumb Code     0  libshutdown2.o(.ARM.Collect$$libshutdown$$0000000F)
    __rt_lib_shutdown_return                 0x080001ab   Thumb Code     0  libshutdown2.o(.ARM.Collect$$libshutdown$$00000010)
    __rt_lib_shutdown_signal_1               0x080001ab   Thumb Code     0  libshutdown2.o(.ARM.Collect$$libshutdown$$0000000A)
    __rt_lib_shutdown_stdio_1                0x080001ab   Thumb Code     0  libshutdown2.o(.ARM.Collect$$libshutdown$$00000004)
    __rt_lib_shutdown_user_alloc_1           0x080001ab   Thumb Code     0  libshutdown2.o(.ARM.Collect$$libshutdown$$0000000C)
    __rt_entry                               0x080001ad   Thumb Code     0  __rtentry.o(.ARM.Collect$$rtentry$$00000000)
    __rt_entry_presh_1                       0x080001ad   Thumb Code     0  __rtentry2.o(.ARM.Collect$$rtentry$$00000002)
    __rt_entry_sh                            0x080001ad   Thumb Code     0  __rtentry4.o(.ARM.Collect$$rtentry$$00000004)
    __rt_entry_li                            0x080001b3   Thumb Code     0  __rtentry2.o(.ARM.Collect$$rtentry$$0000000A)
    __rt_entry_postsh_1                      0x080001b3   Thumb Code     0  __rtentry2.o(.ARM.Collect$$rtentry$$00000009)
    __rt_entry_main                          0x080001b7   Thumb Code     0  __rtentry2.o(.ARM.Collect$$rtentry$$0000000D)
    __rt_entry_postli_1                      0x080001b7   Thumb Code     0  __rtentry2.o(.ARM.Collect$$rtentry$$0000000C)
    __rt_exit                                0x080001bf   Thumb Code     0  rtexit.o(.ARM.Collect$$rtexit$$00000000)
    __rt_exit_ls                             0x080001c1   Thumb Code     0  rtexit2.o(.ARM.Collect$$rtexit$$00000003)
    __rt_exit_prels_1                        0x080001c1   Thumb Code     0  rtexit2.o(.ARM.Collect$$rtexit$$00000002)
    __rt_exit_exit                           0x080001c5   Thumb Code     0  rtexit2.o(.ARM.Collect$$rtexit$$00000004)
    __get_PSP                                0x080001cd   Thumb Code     6  core_cm3.o(.emb_text)
    __set_PSP                                0x080001d3   Thumb Code     6  core_cm3.o(.emb_text)
    __get_MSP                                0x080001d9   Thumb Code     6  core_cm3.o(.emb_text)
    __set_MSP                                0x080001df   Thumb Code     6  core_cm3.o(.emb_text)
    __REV16                                  0x080001e5   Thumb Code     4  core_cm3.o(.emb_text)
    __REVSH                                  0x080001e9   Thumb Code     4  core_cm3.o(.emb_text)
    Reset_Handler                            0x080001ed   Thumb Code     8  startup_stm32f10x_hd.o(.text)
    PendSV_Handler                           0x08000203   Thumb Code     2  startup_stm32f10x_hd.o(.text)
    SysTick_Handler                          0x08000205   Thumb Code     2  startup_stm32f10x_hd.o(.text)
    ADC1_2_IRQHandler                        0x08000207   Thumb Code     0  startup_stm32f10x_hd.o(.text)
    ADC3_IRQHandler                          0x08000207   Thumb Code     0  startup_stm32f10x_hd.o(.text)
    CAN1_RX1_IRQHandler                      0x08000207   Thumb Code     0  startup_stm32f10x_hd.o(.text)
    CAN1_SCE_IRQHandler                      0x08000207   Thumb Code     0  startup_stm32f10x_hd.o(.text)
    DMA1_Channel1_IRQHandler                 0x08000207   Thumb Code     0  startup_stm32f10x_hd.o(.text)
    DMA1_Channel2_IRQHandler                 0x08000207   Thumb Code     0  startup_stm32f10x_hd.o(.text)
    DMA1_Channel3_IRQHandler                 0x08000207   Thumb Code     0  startup_stm32f10x_hd.o(.text)
    DMA1_Channel4_IRQHandler                 0x08000207   Thumb Code     0  startup_stm32f10x_hd.o(.text)
    DMA1_Channel6_IRQHandler                 0x08000207   Thumb Code     0  startup_stm32f10x_hd.o(.text)
    DMA1_Channel7_IRQHandler                 0x08000207   Thumb Code     0  startup_stm32f10x_hd.o(.text)
    DMA2_Channel1_IRQHandler                 0x08000207   Thumb Code     0  startup_stm32f10x_hd.o(.text)
    DMA2_Channel2_IRQHandler                 0x08000207   Thumb Code     0  startup_stm32f10x_hd.o(.text)
    DMA2_Channel3_IRQHandler                 0x08000207   Thumb Code     0  startup_stm32f10x_hd.o(.text)
    DMA2_Channel4_5_IRQHandler               0x08000207   Thumb Code     0  startup_stm32f10x_hd.o(.text)
    EXTI0_IRQHandler                         0x08000207   Thumb Code     0  startup_stm32f10x_hd.o(.text)
    EXTI15_10_IRQHandler                     0x08000207   Thumb Code     0  startup_stm32f10x_hd.o(.text)
    EXTI1_IRQHandler                         0x08000207   Thumb Code     0  startup_stm32f10x_hd.o(.text)
    EXTI2_IRQHandler                         0x08000207   Thumb Code     0  startup_stm32f10x_hd.o(.text)
    EXTI3_IRQHandler                         0x08000207   Thumb Code     0  startup_stm32f10x_hd.o(.text)
    EXTI4_IRQHandler                         0x08000207   Thumb Code     0  startup_stm32f10x_hd.o(.text)
    EXTI9_5_IRQHandler                       0x08000207   Thumb Code     0  startup_stm32f10x_hd.o(.text)
    FLASH_IRQHandler                         0x08000207   Thumb Code     0  startup_stm32f10x_hd.o(.text)
    FSMC_IRQHandler                          0x08000207   Thumb Code     0  startup_stm32f10x_hd.o(.text)
    I2C1_ER_IRQHandler                       0x08000207   Thumb Code     0  startup_stm32f10x_hd.o(.text)
    I2C1_EV_IRQHandler                       0x08000207   Thumb Code     0  startup_stm32f10x_hd.o(.text)
    I2C2_ER_IRQHandler                       0x08000207   Thumb Code     0  startup_stm32f10x_hd.o(.text)
    I2C2_EV_IRQHandler                       0x08000207   Thumb Code     0  startup_stm32f10x_hd.o(.text)
    PVD_IRQHandler                           0x08000207   Thumb Code     0  startup_stm32f10x_hd.o(.text)
    RCC_IRQHandler                           0x08000207   Thumb Code     0  startup_stm32f10x_hd.o(.text)
    RTCAlarm_IRQHandler                      0x08000207   Thumb Code     0  startup_stm32f10x_hd.o(.text)
    RTC_IRQHandler                           0x08000207   Thumb Code     0  startup_stm32f10x_hd.o(.text)
    SPI1_IRQHandler                          0x08000207   Thumb Code     0  startup_stm32f10x_hd.o(.text)
    SPI2_IRQHandler                          0x08000207   Thumb Code     0  startup_stm32f10x_hd.o(.text)
    SPI3_IRQHandler                          0x08000207   Thumb Code     0  startup_stm32f10x_hd.o(.text)
    TAMPER_IRQHandler                        0x08000207   Thumb Code     0  startup_stm32f10x_hd.o(.text)
    TIM1_BRK_IRQHandler                      0x08000207   Thumb Code     0  startup_stm32f10x_hd.o(.text)
    TIM1_CC_IRQHandler                       0x08000207   Thumb Code     0  startup_stm32f10x_hd.o(.text)
    TIM1_TRG_COM_IRQHandler                  0x08000207   Thumb Code     0  startup_stm32f10x_hd.o(.text)
    TIM1_UP_IRQHandler                       0x08000207   Thumb Code     0  startup_stm32f10x_hd.o(.text)
    TIM2_IRQHandler                          0x08000207   Thumb Code     0  startup_stm32f10x_hd.o(.text)
    TIM3_IRQHandler                          0x08000207   Thumb Code     0  startup_stm32f10x_hd.o(.text)
    TIM4_IRQHandler                          0x08000207   Thumb Code     0  startup_stm32f10x_hd.o(.text)
    TIM5_IRQHandler                          0x08000207   Thumb Code     0  startup_stm32f10x_hd.o(.text)
    TIM6_IRQHandler                          0x08000207   Thumb Code     0  startup_stm32f10x_hd.o(.text)
    TIM7_IRQHandler                          0x08000207   Thumb Code     0  startup_stm32f10x_hd.o(.text)
    TIM8_BRK_IRQHandler                      0x08000207   Thumb Code     0  startup_stm32f10x_hd.o(.text)
    TIM8_CC_IRQHandler                       0x08000207   Thumb Code     0  startup_stm32f10x_hd.o(.text)
    TIM8_TRG_COM_IRQHandler                  0x08000207   Thumb Code     0  startup_stm32f10x_hd.o(.text)
    TIM8_UP_IRQHandler                       0x08000207   Thumb Code     0  startup_stm32f10x_hd.o(.text)
    UART4_IRQHandler                         0x08000207   Thumb Code     0  startup_stm32f10x_hd.o(.text)
    UART5_IRQHandler                         0x08000207   Thumb Code     0  startup_stm32f10x_hd.o(.text)
    USART1_IRQHandler                        0x08000207   Thumb Code     0  startup_stm32f10x_hd.o(.text)
    USART2_IRQHandler                        0x08000207   Thumb Code     0  startup_stm32f10x_hd.o(.text)
    USART3_IRQHandler                        0x08000207   Thumb Code     0  startup_stm32f10x_hd.o(.text)
    USBWakeUp_IRQHandler                     0x08000207   Thumb Code     0  startup_stm32f10x_hd.o(.text)
    USB_HP_CAN1_TX_IRQHandler                0x08000207   Thumb Code     0  startup_stm32f10x_hd.o(.text)
    USB_LP_CAN1_RX0_IRQHandler               0x08000207   Thumb Code     0  startup_stm32f10x_hd.o(.text)
    WWDG_IRQHandler                          0x08000207   Thumb Code     0  startup_stm32f10x_hd.o(.text)
    __user_initial_stackheap                 0x08000209   Thumb Code     0  startup_stm32f10x_hd.o(.text)
    __use_no_semihosting                     0x0800022d   Thumb Code     2  use_no_semi_2.o(.text)
    __2printf                                0x08000231   Thumb Code    20  noretval__2printf.o(.text)
    __aeabi_memcpy                           0x08000249   Thumb Code     0  rt_memcpy_v6.o(.text)
    __rt_memcpy                              0x08000249   Thumb Code   138  rt_memcpy_v6.o(.text)
    _memcpy_lastbytes                        0x080002af   Thumb Code     0  rt_memcpy_v6.o(.text)
    __use_two_region_memory                  0x080002d3   Thumb Code     2  heapauxi.o(.text)
    __rt_heap_escrow$2region                 0x080002d5   Thumb Code     2  heapauxi.o(.text)
    __rt_heap_expand$2region                 0x080002d7   Thumb Code     2  heapauxi.o(.text)
    __I$use$semihosting                      0x080002d9   Thumb Code     0  use_no_semi.o(.text)
    __use_no_semihosting_swi                 0x080002d9   Thumb Code     2  use_no_semi.o(.text)
    _printf_char_file                        0x080002dd   Thumb Code    32  _printf_char_file.o(.text)
    __aeabi_memcpy4                          0x08000301   Thumb Code     0  rt_memcpy_w.o(.text)
    __aeabi_memcpy8                          0x08000301   Thumb Code     0  rt_memcpy_w.o(.text)
    __rt_memcpy_w                            0x08000301   Thumb Code   100  rt_memcpy_w.o(.text)
    _memcpy_lastbytes_aligned                0x08000349   Thumb Code     0  rt_memcpy_w.o(.text)
    _printf_char_common                      0x0800036f   Thumb Code    32  _printf_char_common.o(.text)
    ferror                                   0x08000395   Thumb Code     8  ferror.o(.text)
    __user_setup_stackheap                   0x0800039d   Thumb Code    74  sys_stackheap_outer.o(.text)
    __printf                                 0x080003e7   Thumb Code    40  __printf_nopercent.o(.text)
    exit                                     0x0800040f   Thumb Code    18  exit.o(.text)
    __user_libspace                          0x08000421   Thumb Code     8  libspace.o(.text)
    __user_perproc_libspace                  0x08000421   Thumb Code     0  libspace.o(.text)
    __user_perthread_libspace                0x08000421   Thumb Code     0  libspace.o(.text)
    BusFault_Handler                         0x08000429   Thumb Code     4  stm32f10x_it.o(i.BusFault_Handler)
    DMA1_Channel5_IRQHandler                 0x080005ed   Thumb Code    22  stm32f10x_it.o(i.DMA1_Channel5_IRQHandler)
    DMA_ClearFlag                            0x08000605   Thumb Code    18  stm32f10x_dma.o(i.DMA_ClearFlag)
    DMA_ClearITPendingBit                    0x08000621   Thumb Code    18  stm32f10x_dma.o(i.DMA_ClearITPendingBit)
    DMA_Cmd                                  0x0800063d   Thumb Code    24  stm32f10x_dma.o(i.DMA_Cmd)
    DMA_GetITStatus                          0x08000655   Thumb Code    36  stm32f10x_dma.o(i.DMA_GetITStatus)
    DMA_Init                                 0x08000681   Thumb Code    60  stm32f10x_dma.o(i.DMA_Init)
    DebugMon_Handler                         0x080006bd   Thumb Code     2  stm32f10x_it.o(i.DebugMon_Handler)
    FLASH_ErasePage                          0x080006c1   Thumb Code    72  stm32f10x_flash.o(i.FLASH_ErasePage)
    FLASH_GetBank1Status                     0x0800070d   Thumb Code    48  stm32f10x_flash.o(i.FLASH_GetBank1Status)
    FLASH_Lock                               0x08000741   Thumb Code    14  stm32f10x_flash.o(i.FLASH_Lock)
    FLASH_PrefetchBufferCmd                  0x08000755   Thumb Code    22  stm32f10x_flash.o(i.FLASH_PrefetchBufferCmd)
    FLASH_ProgramHalfWord                    0x08000771   Thumb Code    60  stm32f10x_flash.o(i.FLASH_ProgramHalfWord)
    FLASH_SetLatency                         0x080007b1   Thumb Code    18  stm32f10x_flash.o(i.FLASH_SetLatency)
    FLASH_Unlock                             0x080007c9   Thumb Code    12  stm32f10x_flash.o(i.FLASH_Unlock)
    FLASH_WaitForLastOperation               0x080007e1   Thumb Code    38  stm32f10x_flash.o(i.FLASH_WaitForLastOperation)
    GPIO_Init                                0x0800099d   Thumb Code   278  stm32f10x_gpio.o(i.GPIO_Init)
    HardFault_Handler                        0x08000ab3   Thumb Code     4  stm32f10x_it.o(i.HardFault_Handler)
    Jumpto_APP                               0x08000c55   Thumb Code    44  main.o(i.Jumpto_APP)
    MemManage_Handler                        0x08000c85   Thumb Code     4  stm32f10x_it.o(i.MemManage_Handler)
    NMI_Handler                              0x08000c89   Thumb Code     2  stm32f10x_it.o(i.NMI_Handler)
    NVIC_DeInit                              0x08000c8d   Thumb Code    52  main.o(i.NVIC_DeInit)
    NVIC_Init                                0x08000ccd   Thumb Code   100  misc.o(i.NVIC_Init)
    NVIC_PriorityGroupConfig                 0x08000d3d   Thumb Code    10  misc.o(i.NVIC_PriorityGroupConfig)
    NVIC_SD_Configuration                    0x08000d51   Thumb Code    40  sdio_sd.o(i.NVIC_SD_Configuration)
    NVIC_SetVectorTable                      0x08000d79   Thumb Code    12  misc.o(i.NVIC_SetVectorTable)
    RCC_AHBPeriphClockCmd                    0x08000d8d   Thumb Code    26  stm32f10x_rcc.o(i.RCC_AHBPeriphClockCmd)
    RCC_APB2PeriphClockCmd                   0x08000dad   Thumb Code    26  stm32f10x_rcc.o(i.RCC_APB2PeriphClockCmd)
    RCC_Configuration                        0x08000dcd   Thumb Code   100  rcc.o(i.RCC_Configuration)
    RCC_DeInit                               0x08000e31   Thumb Code    64  stm32f10x_rcc.o(i.RCC_DeInit)
    RCC_GetClocksFreq                        0x08000e7d   Thumb Code   192  stm32f10x_rcc.o(i.RCC_GetClocksFreq)
    RCC_GetFlagStatus                        0x08000f51   Thumb Code    56  stm32f10x_rcc.o(i.RCC_GetFlagStatus)
    RCC_GetSYSCLKSource                      0x08000f8d   Thumb Code    10  stm32f10x_rcc.o(i.RCC_GetSYSCLKSource)
    RCC_HCLKConfig                           0x08000f9d   Thumb Code    18  stm32f10x_rcc.o(i.RCC_HCLKConfig)
    RCC_HSEConfig                            0x08000fb5   Thumb Code    70  stm32f10x_rcc.o(i.RCC_HSEConfig)
    RCC_PCLK1Config                          0x08001001   Thumb Code    18  stm32f10x_rcc.o(i.RCC_PCLK1Config)
    RCC_PCLK2Config                          0x08001019   Thumb Code    20  stm32f10x_rcc.o(i.RCC_PCLK2Config)
    RCC_PLLCmd                               0x08001031   Thumb Code     6  stm32f10x_rcc.o(i.RCC_PLLCmd)
    RCC_PLLConfig                            0x0800103d   Thumb Code    24  stm32f10x_rcc.o(i.RCC_PLLConfig)
    RCC_SYSCLKConfig                         0x08001059   Thumb Code    18  stm32f10x_rcc.o(i.RCC_SYSCLKConfig)
    RCC_WaitForHSEStartUp                    0x08001071   Thumb Code    56  stm32f10x_rcc.o(i.RCC_WaitForHSEStartUp)
    SDIO_ClearFlag                           0x080011c5   Thumb Code     6  stm32f10x_sdio.o(i.SDIO_ClearFlag)
    SDIO_ClearITPendingBit                   0x080011d1   Thumb Code     6  stm32f10x_sdio.o(i.SDIO_ClearITPendingBit)
    SDIO_ClockCmd                            0x080011dd   Thumb Code     6  stm32f10x_sdio.o(i.SDIO_ClockCmd)
    SDIO_DMACmd                              0x080011e9   Thumb Code     6  stm32f10x_sdio.o(i.SDIO_DMACmd)
    SDIO_DataConfig                          0x080011f5   Thumb Code    42  stm32f10x_sdio.o(i.SDIO_DataConfig)
    SDIO_DeInit                              0x08001225   Thumb Code    28  stm32f10x_sdio.o(i.SDIO_DeInit)
    SDIO_GetCommandResponse                  0x08001249   Thumb Code     8  stm32f10x_sdio.o(i.SDIO_GetCommandResponse)
    SDIO_GetFlagStatus                       0x08001255   Thumb Code    20  stm32f10x_sdio.o(i.SDIO_GetFlagStatus)
    SDIO_GetITStatus                         0x0800126d   Thumb Code    20  stm32f10x_sdio.o(i.SDIO_GetITStatus)
    SDIO_GetPowerState                       0x08001285   Thumb Code    10  stm32f10x_sdio.o(i.SDIO_GetPowerState)
    SDIO_GetResponse                         0x08001295   Thumb Code    20  stm32f10x_sdio.o(i.SDIO_GetResponse)
    SDIO_IRQHandler                          0x080012ad   Thumb Code     8  stm32f10x_it.o(i.SDIO_IRQHandler)
    SDIO_ITConfig                            0x080012b5   Thumb Code    26  stm32f10x_sdio.o(i.SDIO_ITConfig)
    SDIO_Init                                0x080012d5   Thumb Code    42  stm32f10x_sdio.o(i.SDIO_Init)
    SDIO_ReadData                            0x08001305   Thumb Code     6  stm32f10x_sdio.o(i.SDIO_ReadData)
    SDIO_SendCommand                         0x08001311   Thumb Code    38  stm32f10x_sdio.o(i.SDIO_SendCommand)
    SDIO_SetPowerState                       0x0800133d   Thumb Code    22  stm32f10x_sdio.o(i.SDIO_SetPowerState)
    SD_EnableWideBusOperation                0x08001359   Thumb Code   140  sdio_sd.o(i.SD_EnableWideBusOperation)
    SD_GetCardInfo                           0x080013ed   Thumb Code   770  sdio_sd.o(i.SD_GetCardInfo)
    SD_Init                                  0x08001701   Thumb Code   106  sdio_sd.o(i.SD_Init)
    SD_InitializeCards                       0x08001775   Thumb Code   294  sdio_sd.o(i.SD_InitializeCards)
    SD_LowLevel_DMA_RxConfig                 0x080018b1   Thumb Code    86  sdio_sd.o(i.SD_LowLevel_DMA_RxConfig)
    SD_LowLevel_DMA_TxConfig                 0x08001915   Thumb Code    86  sdio_sd.o(i.SD_LowLevel_DMA_TxConfig)
    SD_LowLevel_Init                         0x08001979   Thumb Code   104  sdio_sd.o(i.SD_LowLevel_Init)
    SD_PowerON                               0x080019ed   Thumb Code   470  sdio_sd.o(i.SD_PowerON)
    SD_ProcessIRQSrc                         0x08001bd9   Thumb Code   266  sdio_sd.o(i.SD_ProcessIRQSrc)
    SD_ReadBlock                             0x08001cf5   Thumb Code   316  sdio_sd.o(i.SD_ReadBlock)
    SD_ReadDisk                              0x08001e55   Thumb Code   116  sdio_sd.o(i.SD_ReadDisk)
    SD_ReadMultiBlocks                       0x08001ed1   Thumb Code   360  sdio_sd.o(i.SD_ReadMultiBlocks)
    SD_SelectDeselect                        0x0800205d   Thumb Code    48  sdio_sd.o(i.SD_SelectDeselect)
    SD_WriteBlock                            0x08002091   Thumb Code   536  sdio_sd.o(i.SD_WriteBlock)
    SD_WriteDisk                             0x080022d1   Thumb Code   116  sdio_sd.o(i.SD_WriteDisk)
    SD_WriteMultiBlocks                      0x0800234d   Thumb Code   522  sdio_sd.o(i.SD_WriteMultiBlocks)
    SVC_Handler                              0x08002581   Thumb Code     2  stm32f10x_it.o(i.SVC_Handler)
    SystemInit                               0x0800266d   Thumb Code    78  system_stm32f10x.o(i.SystemInit)
    System_LoadUpdateFile                    0x080026cd   Thumb Code   270  main.o(i.System_LoadUpdateFile)
    USART1_Configuration                     0x080028b9   Thumb Code   134  usart.o(i.USART1_Configuration)
    USART_Cmd                                0x08002949   Thumb Code    24  stm32f10x_usart.o(i.USART_Cmd)
    USART_GetFlagStatus                      0x08002961   Thumb Code    26  stm32f10x_usart.o(i.USART_GetFlagStatus)
    USART_Init                               0x0800297d   Thumb Code   210  stm32f10x_usart.o(i.USART_Init)
    USART_SendData                           0x08002a55   Thumb Code     8  stm32f10x_usart.o(i.USART_SendData)
    UsageFault_Handler                       0x08002a5d   Thumb Code     4  stm32f10x_it.o(i.UsageFault_Handler)
    _sys_exit                                0x08002a61   Thumb Code     4  usart.o(i._sys_exit)
    convert_from_bytes_to_power_of_two       0x08002bd9   Thumb Code    18  sdio_sd.o(i.convert_from_bytes_to_power_of_two)
    disk_initialize                          0x08003447   Thumb Code    28  diskio.o(i.disk_initialize)
    disk_read                                0x08003463   Thumb Code    64  diskio.o(i.disk_read)
    disk_status                              0x080034a3   Thumb Code    34  diskio.o(i.disk_status)
    disk_write                               0x080034c5   Thumb Code    86  diskio.o(i.disk_write)
    f_mount                                  0x0800351d   Thumb Code    80  ff.o(i.f_mount)
    f_open                                   0x08003571   Thumb Code   488  ff.o(i.f_open)
    f_read                                   0x08003759   Thumb Code   428  ff.o(i.f_read)
    ff_oem2uni                               0x08003905   Thumb Code    38  ffunicode.o(i.ff_oem2uni)
    ff_uni2oem                               0x08003931   Thumb Code    58  ffunicode.o(i.ff_uni2oem)
    ff_wtoupper                              0x08003971   Thumb Code   166  ffunicode.o(i.ff_wtoupper)
    fputc                                    0x08003e05   Thumb Code    32  usart.o(i.fputc)
    get_fattime                              0x08003fd5   Thumb Code     4  diskio.o(i.get_fattime)
    main                                     0x08004071   Thumb Code    18  main.o(i.main)
    Region$$Table$$Base                      0x08004914   Number         0  anon$$obj.o(Region$$Table)
    Region$$Table$$Limit                     0x08004934   Number         0  anon$$obj.o(Region$$Table)
    Res                                      0x20000000   Data           1  main.o(.data)
    __stdout                                 0x20000004   Data           4  usart.o(.data)
    TransferError                            0x20000024   Data           1  sdio_sd.o(.data)
    StopCondition                            0x20000028   Data           4  sdio_sd.o(.data)
    TransferEnd                              0x2000002c   Data           4  sdio_sd.o(.data)
    fp                                       0x20000038   Data         556  main.o(.bss)
    fs                                       0x20000264   Data         568  main.o(.bss)
    dataBuf0                                 0x2000049c   Data        2048  main.o(.bss)
    dataBuf1                                 0x20000c9c   Data        2048  main.o(.bss)
    SDIO_InitStructure                       0x200014a0   Data          24  sdio_sd.o(.bss)
    SDIO_CmdInitStructure                    0x200014b8   Data          20  sdio_sd.o(.bss)
    SDIO_DataInitStructure                   0x200014cc   Data          24  sdio_sd.o(.bss)
    SDCardInfo                               0x20001518   Data          88  sdio_sd.o(.bss)
    SDIO_DATA_BUFFER                         0x20001570   Data         512  sdio_sd.o(.bss)
    __libspace_start                         0x20001970   Data          96  libspace.o(.bss)
    __temporary_stack_top$libspace           0x200019d0   Data           0  libspace.o(.bss)



==============================================================================

Memory Map of the image

  Image Entry point : 0x08000131

  Load Region LR_IROM1 (Base: 0x08000000, Size: 0x0000496c, Max: 0x00010000, ABSOLUTE)

    Execution Region ER_IROM1 (Exec base: 0x08000000, Load base: 0x08000000, Size: 0x00004934, Max: 0x00010000, ABSOLUTE)

    Exec Addr    Load Addr    Size         Type   Attr      Idx    E Section Name        Object

    0x08000000   0x08000000   0x00000130   Data   RO          147    RESET               startup_stm32f10x_hd.o
    0x08000130   0x08000130   0x00000008   Code   RO         2008  * !!!main             c_w.l(__main.o)
    0x08000138   0x08000138   0x00000034   Code   RO         2185    !!!scatter          c_w.l(__scatter.o)
    0x0800016c   0x0800016c   0x0000001a   Code   RO         2187    !!handler_copy      c_w.l(__scatter_copy.o)
    0x08000186   0x08000186   0x00000002   PAD
    0x08000188   0x08000188   0x0000001c   Code   RO         2189    !!handler_zi        c_w.l(__scatter_zi.o)
    0x080001a4   0x080001a4   0x00000002   Code   RO         2059    .ARM.Collect$$libinit$$00000000  c_w.l(libinit.o)
    0x080001a6   0x080001a6   0x00000000   Code   RO         2072    .ARM.Collect$$libinit$$00000002  c_w.l(libinit2.o)
    0x080001a6   0x080001a6   0x00000000   Code   RO         2074    .ARM.Collect$$libinit$$00000004  c_w.l(libinit2.o)
    0x080001a6   0x080001a6   0x00000000   Code   RO         2077    .ARM.Collect$$libinit$$0000000A  c_w.l(libinit2.o)
    0x080001a6   0x080001a6   0x00000000   Code   RO         2079    .ARM.Collect$$libinit$$0000000C  c_w.l(libinit2.o)
    0x080001a6   0x080001a6   0x00000000   Code   RO         2081    .ARM.Collect$$libinit$$0000000E  c_w.l(libinit2.o)
    0x080001a6   0x080001a6   0x00000000   Code   RO         2084    .ARM.Collect$$libinit$$00000011  c_w.l(libinit2.o)
    0x080001a6   0x080001a6   0x00000000   Code   RO         2086    .ARM.Collect$$libinit$$00000013  c_w.l(libinit2.o)
    0x080001a6   0x080001a6   0x00000000   Code   RO         2088    .ARM.Collect$$libinit$$00000015  c_w.l(libinit2.o)
    0x080001a6   0x080001a6   0x00000000   Code   RO         2090    .ARM.Collect$$libinit$$00000017  c_w.l(libinit2.o)
    0x080001a6   0x080001a6   0x00000000   Code   RO         2092    .ARM.Collect$$libinit$$00000019  c_w.l(libinit2.o)
    0x080001a6   0x080001a6   0x00000000   Code   RO         2094    .ARM.Collect$$libinit$$0000001B  c_w.l(libinit2.o)
    0x080001a6   0x080001a6   0x00000000   Code   RO         2096    .ARM.Collect$$libinit$$0000001D  c_w.l(libinit2.o)
    0x080001a6   0x080001a6   0x00000000   Code   RO         2098    .ARM.Collect$$libinit$$0000001F  c_w.l(libinit2.o)
    0x080001a6   0x080001a6   0x00000000   Code   RO         2100    .ARM.Collect$$libinit$$00000021  c_w.l(libinit2.o)
    0x080001a6   0x080001a6   0x00000000   Code   RO         2102    .ARM.Collect$$libinit$$00000023  c_w.l(libinit2.o)
    0x080001a6   0x080001a6   0x00000000   Code   RO         2104    .ARM.Collect$$libinit$$00000025  c_w.l(libinit2.o)
    0x080001a6   0x080001a6   0x00000000   Code   RO         2108    .ARM.Collect$$libinit$$0000002C  c_w.l(libinit2.o)
    0x080001a6   0x080001a6   0x00000000   Code   RO         2110    .ARM.Collect$$libinit$$0000002E  c_w.l(libinit2.o)
    0x080001a6   0x080001a6   0x00000000   Code   RO         2112    .ARM.Collect$$libinit$$00000030  c_w.l(libinit2.o)
    0x080001a6   0x080001a6   0x00000000   Code   RO         2114    .ARM.Collect$$libinit$$00000032  c_w.l(libinit2.o)
    0x080001a6   0x080001a6   0x00000002   Code   RO         2115    .ARM.Collect$$libinit$$00000033  c_w.l(libinit2.o)
    0x080001a8   0x080001a8   0x00000002   Code   RO         2141    .ARM.Collect$$libshutdown$$00000000  c_w.l(libshutdown.o)
    0x080001aa   0x080001aa   0x00000000   Code   RO         2168    .ARM.Collect$$libshutdown$$00000002  c_w.l(libshutdown2.o)
    0x080001aa   0x080001aa   0x00000000   Code   RO         2170    .ARM.Collect$$libshutdown$$00000004  c_w.l(libshutdown2.o)
    0x080001aa   0x080001aa   0x00000000   Code   RO         2173    .ARM.Collect$$libshutdown$$00000007  c_w.l(libshutdown2.o)
    0x080001aa   0x080001aa   0x00000000   Code   RO         2176    .ARM.Collect$$libshutdown$$0000000A  c_w.l(libshutdown2.o)
    0x080001aa   0x080001aa   0x00000000   Code   RO         2178    .ARM.Collect$$libshutdown$$0000000C  c_w.l(libshutdown2.o)
    0x080001aa   0x080001aa   0x00000000   Code   RO         2181    .ARM.Collect$$libshutdown$$0000000F  c_w.l(libshutdown2.o)
    0x080001aa   0x080001aa   0x00000002   Code   RO         2182    .ARM.Collect$$libshutdown$$00000010  c_w.l(libshutdown2.o)
    0x080001ac   0x080001ac   0x00000000   Code   RO         2012    .ARM.Collect$$rtentry$$00000000  c_w.l(__rtentry.o)
    0x080001ac   0x080001ac   0x00000000   Code   RO         2022    .ARM.Collect$$rtentry$$00000002  c_w.l(__rtentry2.o)
    0x080001ac   0x080001ac   0x00000006   Code   RO         2034    .ARM.Collect$$rtentry$$00000004  c_w.l(__rtentry4.o)
    0x080001b2   0x080001b2   0x00000000   Code   RO         2024    .ARM.Collect$$rtentry$$00000009  c_w.l(__rtentry2.o)
    0x080001b2   0x080001b2   0x00000004   Code   RO         2025    .ARM.Collect$$rtentry$$0000000A  c_w.l(__rtentry2.o)
    0x080001b6   0x080001b6   0x00000000   Code   RO         2027    .ARM.Collect$$rtentry$$0000000C  c_w.l(__rtentry2.o)
    0x080001b6   0x080001b6   0x00000008   Code   RO         2028    .ARM.Collect$$rtentry$$0000000D  c_w.l(__rtentry2.o)
    0x080001be   0x080001be   0x00000002   Code   RO         2063    .ARM.Collect$$rtexit$$00000000  c_w.l(rtexit.o)
    0x080001c0   0x080001c0   0x00000000   Code   RO         2117    .ARM.Collect$$rtexit$$00000002  c_w.l(rtexit2.o)
    0x080001c0   0x080001c0   0x00000004   Code   RO         2118    .ARM.Collect$$rtexit$$00000003  c_w.l(rtexit2.o)
    0x080001c4   0x080001c4   0x00000006   Code   RO         2119    .ARM.Collect$$rtexit$$00000004  c_w.l(rtexit2.o)
    0x080001ca   0x080001ca   0x00000002   PAD
    0x080001cc   0x080001cc   0x00000020   Code   RO          153    .emb_text           core_cm3.o
    0x080001ec   0x080001ec   0x00000040   Code   RO          148    .text               startup_stm32f10x_hd.o
    0x0800022c   0x0800022c   0x00000002   Code   RO         1996    .text               c_w.l(use_no_semi_2.o)
    0x0800022e   0x0800022e   0x00000002   PAD
    0x08000230   0x08000230   0x00000018   Code   RO         2002    .text               c_w.l(noretval__2printf.o)
    0x08000248   0x08000248   0x0000008a   Code   RO         2004    .text               c_w.l(rt_memcpy_v6.o)
    0x080002d2   0x080002d2   0x00000006   Code   RO         2006    .text               c_w.l(heapauxi.o)
    0x080002d8   0x080002d8   0x00000002   Code   RO         2010    .text               c_w.l(use_no_semi.o)
    0x080002da   0x080002da   0x00000002   PAD
    0x080002dc   0x080002dc   0x00000024   Code   RO         2017    .text               c_w.l(_printf_char_file.o)
    0x08000300   0x08000300   0x00000064   Code   RO         2019    .text               c_w.l(rt_memcpy_w.o)
    0x08000364   0x08000364   0x00000030   Code   RO         2038    .text               c_w.l(_printf_char_common.o)
    0x08000394   0x08000394   0x00000008   Code   RO         2040    .text               c_w.l(ferror.o)
    0x0800039c   0x0800039c   0x0000004a   Code   RO         2044    .text               c_w.l(sys_stackheap_outer.o)
    0x080003e6   0x080003e6   0x00000028   Code   RO         2046    .text               c_w.l(__printf_nopercent.o)
    0x0800040e   0x0800040e   0x00000012   Code   RO         2048    .text               c_w.l(exit.o)
    0x08000420   0x08000420   0x00000008   Code   RO         2060    .text               c_w.l(libspace.o)
    0x08000428   0x08000428   0x00000004   Code   RO         1159    i.BusFault_Handler  stm32f10x_it.o
    0x0800042c   0x0800042c   0x0000002c   Code   RO         1222    i.CmdError          sdio_sd.o
    0x08000458   0x08000458   0x00000028   Code   RO         1223    i.CmdResp1Error     sdio_sd.o
    0x08000480   0x08000480   0x0000004c   Code   RO         1224    i.CmdResp2Error     sdio_sd.o
    0x080004cc   0x080004cc   0x00000038   Code   RO         1225    i.CmdResp3Error     sdio_sd.o
    0x08000504   0x08000504   0x0000009c   Code   RO         1226    i.CmdResp6Error     sdio_sd.o
    0x080005a0   0x080005a0   0x0000004c   Code   RO         1227    i.CmdResp7Error     sdio_sd.o
    0x080005ec   0x080005ec   0x00000016   Code   RO         1160    i.DMA1_Channel5_IRQHandler  stm32f10x_it.o
    0x08000602   0x08000602   0x00000002   PAD
    0x08000604   0x08000604   0x0000001c   Code   RO          233    i.DMA_ClearFlag     stm32f10x_dma.o
    0x08000620   0x08000620   0x0000001c   Code   RO          234    i.DMA_ClearITPendingBit  stm32f10x_dma.o
    0x0800063c   0x0800063c   0x00000018   Code   RO          235    i.DMA_Cmd           stm32f10x_dma.o
    0x08000654   0x08000654   0x0000002c   Code   RO          239    i.DMA_GetITStatus   stm32f10x_dma.o
    0x08000680   0x08000680   0x0000003c   Code   RO          241    i.DMA_Init          stm32f10x_dma.o
    0x080006bc   0x080006bc   0x00000002   Code   RO         1161    i.DebugMon_Handler  stm32f10x_it.o
    0x080006be   0x080006be   0x00000002   PAD
    0x080006c0   0x080006c0   0x0000004c   Code   RO          990    i.FLASH_ErasePage   stm32f10x_flash.o
    0x0800070c   0x0800070c   0x00000034   Code   RO          991    i.FLASH_GetBank1Status  stm32f10x_flash.o
    0x08000740   0x08000740   0x00000014   Code   RO         1000    i.FLASH_Lock        stm32f10x_flash.o
    0x08000754   0x08000754   0x0000001c   Code   RO         1002    i.FLASH_PrefetchBufferCmd  stm32f10x_flash.o
    0x08000770   0x08000770   0x00000040   Code   RO         1003    i.FLASH_ProgramHalfWord  stm32f10x_flash.o
    0x080007b0   0x080007b0   0x00000018   Code   RO         1007    i.FLASH_SetLatency  stm32f10x_flash.o
    0x080007c8   0x080007c8   0x00000018   Code   RO         1008    i.FLASH_Unlock      stm32f10x_flash.o
    0x080007e0   0x080007e0   0x00000026   Code   RO         1012    i.FLASH_WaitForLastOperation  stm32f10x_flash.o
    0x08000806   0x08000806   0x00000002   PAD
    0x08000808   0x08000808   0x00000194   Code   RO         1228    i.FindSCR           sdio_sd.o
    0x0800099c   0x0800099c   0x00000116   Code   RO          311    i.GPIO_Init         stm32f10x_gpio.o
    0x08000ab2   0x08000ab2   0x00000004   Code   RO         1162    i.HardFault_Handler  stm32f10x_it.o
    0x08000ab6   0x08000ab6   0x00000002   PAD
    0x08000ab8   0x08000ab8   0x0000019c   Code   RO         1229    i.IsCardProgramming  sdio_sd.o
    0x08000c54   0x08000c54   0x00000030   Code   RO            1    i.Jumpto_APP        main.o
    0x08000c84   0x08000c84   0x00000004   Code   RO         1163    i.MemManage_Handler  stm32f10x_it.o
    0x08000c88   0x08000c88   0x00000002   Code   RO         1164    i.NMI_Handler       stm32f10x_it.o
    0x08000c8a   0x08000c8a   0x00000002   PAD
    0x08000c8c   0x08000c8c   0x00000040   Code   RO            2    i.NVIC_DeInit       main.o
    0x08000ccc   0x08000ccc   0x00000070   Code   RO          197    i.NVIC_Init         misc.o
    0x08000d3c   0x08000d3c   0x00000014   Code   RO          198    i.NVIC_PriorityGroupConfig  misc.o
    0x08000d50   0x08000d50   0x00000028   Code   RO         1230    i.NVIC_SD_Configuration  sdio_sd.o
    0x08000d78   0x08000d78   0x00000014   Code   RO          199    i.NVIC_SetVectorTable  misc.o
    0x08000d8c   0x08000d8c   0x00000020   Code   RO          420    i.RCC_AHBPeriphClockCmd  stm32f10x_rcc.o
    0x08000dac   0x08000dac   0x00000020   Code   RO          423    i.RCC_APB2PeriphClockCmd  stm32f10x_rcc.o
    0x08000dcc   0x08000dcc   0x00000064   Code   RO           98    i.RCC_Configuration  rcc.o
    0x08000e30   0x08000e30   0x0000004c   Code   RO          430    i.RCC_DeInit        stm32f10x_rcc.o
    0x08000e7c   0x08000e7c   0x000000d4   Code   RO          431    i.RCC_GetClocksFreq  stm32f10x_rcc.o
    0x08000f50   0x08000f50   0x0000003c   Code   RO          432    i.RCC_GetFlagStatus  stm32f10x_rcc.o
    0x08000f8c   0x08000f8c   0x00000010   Code   RO          434    i.RCC_GetSYSCLKSource  stm32f10x_rcc.o
    0x08000f9c   0x08000f9c   0x00000018   Code   RO          435    i.RCC_HCLKConfig    stm32f10x_rcc.o
    0x08000fb4   0x08000fb4   0x0000004c   Code   RO          436    i.RCC_HSEConfig     stm32f10x_rcc.o
    0x08001000   0x08001000   0x00000018   Code   RO          442    i.RCC_PCLK1Config   stm32f10x_rcc.o
    0x08001018   0x08001018   0x00000018   Code   RO          443    i.RCC_PCLK2Config   stm32f10x_rcc.o
    0x08001030   0x08001030   0x0000000c   Code   RO          444    i.RCC_PLLCmd        stm32f10x_rcc.o
    0x0800103c   0x0800103c   0x0000001c   Code   RO          445    i.RCC_PLLConfig     stm32f10x_rcc.o
    0x08001058   0x08001058   0x00000018   Code   RO          448    i.RCC_SYSCLKConfig  stm32f10x_rcc.o
    0x08001070   0x08001070   0x00000038   Code   RO          450    i.RCC_WaitForHSEStartUp  stm32f10x_rcc.o
    0x080010a8   0x080010a8   0x0000011c   Code   RO         1231    i.SDEnWideBus       sdio_sd.o
    0x080011c4   0x080011c4   0x0000000c   Code   RO          620    i.SDIO_ClearFlag    stm32f10x_sdio.o
    0x080011d0   0x080011d0   0x0000000c   Code   RO          621    i.SDIO_ClearITPendingBit  stm32f10x_sdio.o
    0x080011dc   0x080011dc   0x0000000c   Code   RO          622    i.SDIO_ClockCmd     stm32f10x_sdio.o
    0x080011e8   0x080011e8   0x0000000c   Code   RO          625    i.SDIO_DMACmd       stm32f10x_sdio.o
    0x080011f4   0x080011f4   0x00000030   Code   RO          626    i.SDIO_DataConfig   stm32f10x_sdio.o
    0x08001224   0x08001224   0x00000024   Code   RO          628    i.SDIO_DeInit       stm32f10x_sdio.o
    0x08001248   0x08001248   0x0000000c   Code   RO          629    i.SDIO_GetCommandResponse  stm32f10x_sdio.o
    0x08001254   0x08001254   0x00000018   Code   RO          632    i.SDIO_GetFlagStatus  stm32f10x_sdio.o
    0x0800126c   0x0800126c   0x00000018   Code   RO          633    i.SDIO_GetITStatus  stm32f10x_sdio.o
    0x08001284   0x08001284   0x00000010   Code   RO          634    i.SDIO_GetPowerState  stm32f10x_sdio.o
    0x08001294   0x08001294   0x00000018   Code   RO          635    i.SDIO_GetResponse  stm32f10x_sdio.o
    0x080012ac   0x080012ac   0x00000008   Code   RO         1165    i.SDIO_IRQHandler   stm32f10x_it.o
    0x080012b4   0x080012b4   0x00000020   Code   RO          636    i.SDIO_ITConfig     stm32f10x_sdio.o
    0x080012d4   0x080012d4   0x00000030   Code   RO          637    i.SDIO_Init         stm32f10x_sdio.o
    0x08001304   0x08001304   0x0000000c   Code   RO          638    i.SDIO_ReadData     stm32f10x_sdio.o
    0x08001310   0x08001310   0x0000002c   Code   RO          640    i.SDIO_SendCommand  stm32f10x_sdio.o
    0x0800133c   0x0800133c   0x0000001c   Code   RO          642    i.SDIO_SetPowerState  stm32f10x_sdio.o
    0x08001358   0x08001358   0x00000094   Code   RO         1235    i.SD_EnableWideBusOperation  sdio_sd.o
    0x080013ec   0x080013ec   0x00000314   Code   RO         1237    i.SD_GetCardInfo    sdio_sd.o
    0x08001700   0x08001700   0x00000074   Code   RO         1242    i.SD_Init           sdio_sd.o
    0x08001774   0x08001774   0x0000013c   Code   RO         1243    i.SD_InitializeCards  sdio_sd.o
    0x080018b0   0x080018b0   0x00000064   Code   RO         1244    i.SD_LowLevel_DMA_RxConfig  sdio_sd.o
    0x08001914   0x08001914   0x00000064   Code   RO         1245    i.SD_LowLevel_DMA_TxConfig  sdio_sd.o
    0x08001978   0x08001978   0x00000074   Code   RO         1246    i.SD_LowLevel_Init  sdio_sd.o
    0x080019ec   0x080019ec   0x000001ec   Code   RO         1248    i.SD_PowerON        sdio_sd.o
    0x08001bd8   0x08001bd8   0x0000011c   Code   RO         1249    i.SD_ProcessIRQSrc  sdio_sd.o
    0x08001cf4   0x08001cf4   0x00000160   Code   RO         1250    i.SD_ReadBlock      sdio_sd.o
    0x08001e54   0x08001e54   0x0000007c   Code   RO         1251    i.SD_ReadDisk       sdio_sd.o
    0x08001ed0   0x08001ed0   0x0000018c   Code   RO         1252    i.SD_ReadMultiBlocks  sdio_sd.o
    0x0800205c   0x0800205c   0x00000034   Code   RO         1253    i.SD_SelectDeselect  sdio_sd.o
    0x08002090   0x08002090   0x00000240   Code   RO         1259    i.SD_WriteBlock     sdio_sd.o
    0x080022d0   0x080022d0   0x0000007c   Code   RO         1260    i.SD_WriteDisk      sdio_sd.o
    0x0800234c   0x0800234c   0x00000234   Code   RO         1261    i.SD_WriteMultiBlocks  sdio_sd.o
    0x08002580   0x08002580   0x00000002   Code   RO         1166    i.SVC_Handler       stm32f10x_it.o
    0x08002582   0x08002582   0x00000008   Code   RO          163    i.SetSysClock       system_stm32f10x.o
    0x0800258a   0x0800258a   0x00000002   PAD
    0x0800258c   0x0800258c   0x000000e0   Code   RO          164    i.SetSysClockTo72   system_stm32f10x.o
    0x0800266c   0x0800266c   0x00000060   Code   RO          166    i.SystemInit        system_stm32f10x.o
    0x080026cc   0x080026cc   0x000001ec   Code   RO            3    i.System_LoadUpdateFile  main.o
    0x080028b8   0x080028b8   0x00000090   Code   RO          114    i.USART1_Configuration  usart.o
    0x08002948   0x08002948   0x00000018   Code   RO          809    i.USART_Cmd         stm32f10x_usart.o
    0x08002960   0x08002960   0x0000001a   Code   RO          812    i.USART_GetFlagStatus  stm32f10x_usart.o
    0x0800297a   0x0800297a   0x00000002   PAD
    0x0800297c   0x0800297c   0x000000d8   Code   RO          816    i.USART_Init        stm32f10x_usart.o
    0x08002a54   0x08002a54   0x00000008   Code   RO          826    i.USART_SendData    stm32f10x_usart.o
    0x08002a5c   0x08002a5c   0x00000004   Code   RO         1167    i.UsageFault_Handler  stm32f10x_it.o
    0x08002a60   0x08002a60   0x00000004   Code   RO          115    i._sys_exit         usart.o
    0x08002a64   0x08002a64   0x0000007c   Code   RO         1520    i.check_fs          ff.o
    0x08002ae0   0x08002ae0   0x00000014   Code   RO         1521    i.chk_chr           ff.o
    0x08002af4   0x08002af4   0x00000032   Code   RO         1522    i.clmt_clust        ff.o
    0x08002b26   0x08002b26   0x0000001a   Code   RO         1523    i.clst2sect         ff.o
    0x08002b40   0x08002b40   0x00000098   Code   RO         1524    i.cmp_lfn           ff.o
    0x08002bd8   0x08002bd8   0x00000012   Code   RO         1262    i.convert_from_bytes_to_power_of_two  sdio_sd.o
    0x08002bea   0x08002bea   0x00000120   Code   RO         1525    i.create_chain      ff.o
    0x08002d0a   0x08002d0a   0x00000002   PAD
    0x08002d0c   0x08002d0c   0x000002c0   Code   RO         1526    i.create_name       ff.o
    0x08002fcc   0x08002fcc   0x0000000c   Code   RO         1527    i.dbc_1st           ff.o
    0x08002fd8   0x08002fd8   0x0000000c   Code   RO         1528    i.dbc_2nd           ff.o
    0x08002fe4   0x08002fe4   0x00000060   Code   RO         1529    i.dir_alloc         ff.o
    0x08003044   0x08003044   0x00000064   Code   RO         1530    i.dir_clear         ff.o
    0x080030a8   0x080030a8   0x000000fc   Code   RO         1531    i.dir_find          ff.o
    0x080031a4   0x080031a4   0x000000c6   Code   RO         1532    i.dir_next          ff.o
    0x0800326a   0x0800326a   0x00000142   Code   RO         1534    i.dir_register      ff.o
    0x080033ac   0x080033ac   0x0000009a   Code   RO         1536    i.dir_sdi           ff.o
    0x08003446   0x08003446   0x0000001c   Code   RO         1475    i.disk_initialize   diskio.o
    0x08003462   0x08003462   0x00000040   Code   RO         1477    i.disk_read         diskio.o
    0x080034a2   0x080034a2   0x00000022   Code   RO         1478    i.disk_status       diskio.o
    0x080034c4   0x080034c4   0x00000056   Code   RO         1479    i.disk_write        diskio.o
    0x0800351a   0x0800351a   0x00000002   PAD
    0x0800351c   0x0800351c   0x00000054   Code   RO         1552    i.f_mount           ff.o
    0x08003570   0x08003570   0x000001e8   Code   RO         1553    i.f_open            ff.o
    0x08003758   0x08003758   0x000001ac   Code   RO         1558    i.f_read            ff.o
    0x08003904   0x08003904   0x0000002c   Code   RO         1968    i.ff_oem2uni        ffunicode.o
    0x08003930   0x08003930   0x00000040   Code   RO         1969    i.ff_uni2oem        ffunicode.o
    0x08003970   0x08003970   0x000000b0   Code   RO         1970    i.ff_wtoupper       ffunicode.o
    0x08003a20   0x08003a20   0x00000318   Code   RO         1568    i.find_volume       ff.o
    0x08003d38   0x08003d38   0x000000ca   Code   RO         1569    i.follow_path       ff.o
    0x08003e02   0x08003e02   0x00000002   PAD
    0x08003e04   0x08003e04   0x00000024   Code   RO          116    i.fputc             usart.o
    0x08003e28   0x08003e28   0x000000cc   Code   RO         1570    i.gen_numname       ff.o
    0x08003ef4   0x08003ef4   0x000000e0   Code   RO         1572    i.get_fat           ff.o
    0x08003fd4   0x08003fd4   0x00000004   Code   RO         1480    i.get_fattime       diskio.o
    0x08003fd8   0x08003fd8   0x0000004c   Code   RO         1574    i.get_ldnumber      ff.o
    0x08004024   0x08004024   0x00000026   Code   RO         1575    i.ld_clust          ff.o
    0x0800404a   0x0800404a   0x00000018   Code   RO         1576    i.ld_dword          ff.o
    0x08004062   0x08004062   0x0000000c   Code   RO         1577    i.ld_word           ff.o
    0x0800406e   0x0800406e   0x00000002   PAD
    0x08004070   0x08004070   0x0000002c   Code   RO            4    i.main              main.o
    0x0800409c   0x0800409c   0x00000024   Code   RO         1578    i.mem_cmp           ff.o
    0x080040c0   0x080040c0   0x0000001a   Code   RO         1579    i.mem_cpy           ff.o
    0x080040da   0x080040da   0x00000012   Code   RO         1580    i.mem_set           ff.o
    0x080040ec   0x080040ec   0x00000034   Code   RO         1581    i.move_window       ff.o
    0x08004120   0x08004120   0x00000138   Code   RO         1584    i.put_fat           ff.o
    0x08004258   0x08004258   0x00000080   Code   RO         1585    i.put_lfn           ff.o
    0x080042d8   0x080042d8   0x0000009a   Code   RO         1590    i.remove_chain      ff.o
    0x08004372   0x08004372   0x00000024   Code   RO         1591    i.st_clust          ff.o
    0x08004396   0x08004396   0x00000018   Code   RO         1592    i.st_dword          ff.o
    0x080043ae   0x080043ae   0x0000000c   Code   RO         1593    i.st_word           ff.o
    0x080043ba   0x080043ba   0x00000020   Code   RO         1594    i.sum_sfn           ff.o
    0x080043da   0x080043da   0x0000004a   Code   RO         1596    i.sync_window       ff.o
    0x08004424   0x08004424   0x0000004c   Code   RO         1597    i.tchar2uni         ff.o
    0x08004470   0x08004470   0x0000003c   Code   RO         1598    i.validate          ff.o
    0x080044ac   0x080044ac   0x000000ba   Data   RO         1600    .constdata          ff.o
    0x08004566   0x08004566   0x000003ae   Data   RO         1971    .constdata          ffunicode.o
    0x08004914   0x08004914   0x00000020   Data   RO         2183    Region$$Table       anon$$obj.o


    Execution Region RW_IRAM1 (Exec base: 0x20000000, Load base: 0x08004934, Size: 0x00002dd0, Max: 0x00010000, ABSOLUTE)

    Exec Addr    Load Addr    Size         Type   Attr      Idx    E Section Name        Object

    0x20000000   0x08004934   0x00000001   Data   RW            6    .data               main.o
    0x20000001   0x08004935   0x00000003   PAD
    0x20000004   0x08004938   0x00000004   Data   RW          117    .data               usart.o
    0x20000008   0x0800493c   0x00000014   Data   RW          451    .data               stm32f10x_rcc.o
    0x2000001c   0x08004950   0x00000014   Data   RW         1264    .data               sdio_sd.o
    0x20000030   0x08004964   0x00000006   Data   RW         1601    .data               ff.o
    0x20000036   0x0800496a   0x00000002   PAD
    0x20000038        -       0x00001464   Zero   RW            5    .bss                main.o
    0x2000149c   0x0800496a   0x00000004   PAD
    0x200014a0        -       0x000002d0   Zero   RW         1263    .bss                sdio_sd.o
    0x20001770        -       0x00000200   Zero   RW         1599    .bss                ff.o
    0x20001970        -       0x00000060   Zero   RW         2061    .bss                c_w.l(libspace.o)
    0x200019d0        -       0x00000400   Zero   RW          146    HEAP                startup_stm32f10x_hd.o
    0x20001dd0        -       0x00001000   Zero   RW          145    STACK               startup_stm32f10x_hd.o


==============================================================================

Image component sizes


      Code (inc. data)   RO Data    RW Data    ZI Data      Debug   Object Name

        32          0          0          0          0        528   core_cm3.o
       216          0          0          0          0       4095   diskio.o
      6122         80        186          6        512      50442   ff.o
       284         32        942          0          0       2560   ffunicode.o
       648        264          0          1       5220     287140   main.o
       152         30          0          0          0       1917   misc.o
       100          0          0          0          0        548   rcc.o
      6254        378          0         20        720      30043   sdio_sd.o
        64         26        304          0       5120        836   startup_stm32f10x_hd.o
       184         28          0          0          0       4183   stm32f10x_dma.o
       326         42          0          0          0       4235   stm32f10x_flash.o
       278          0          0          0          0       1876   stm32f10x_gpio.o
        52          0          0          0          0       3952   stm32f10x_it.o
       696         92          0         20          0       9953   stm32f10x_rcc.o
       396         90          0          0          0       9630   stm32f10x_sdio.o
       274          6          0          0          0       3820   stm32f10x_usart.o
       328         28          0          0          0       1897   system_stm32f10x.o
       184         14          0          4          0       3453   usart.o

    ----------------------------------------------------------------------
     16612       1110       1464         56      11576     421108   Object Totals
         0          0         32          0          0          0   (incl. Generated)
        22          0          0          5          4          0   (incl. Padding)

    ----------------------------------------------------------------------

      Code (inc. data)   RO Data    RW Data    ZI Data      Debug   Library Member Name

         8          0          0          0          0         68   __main.o
        40          0          0          0          0         84   __printf_nopercent.o
         0          0          0          0          0          0   __rtentry.o
        12          0          0          0          0          0   __rtentry2.o
         6          0          0          0          0          0   __rtentry4.o
        52          8          0          0          0          0   __scatter.o
        26          0          0          0          0          0   __scatter_copy.o
        28          0          0          0          0          0   __scatter_zi.o
        48          6          0          0          0         96   _printf_char_common.o
        36          4          0          0          0         80   _printf_char_file.o
        18          0          0          0          0         80   exit.o
         8          0          0          0          0         68   ferror.o
         6          0          0          0          0        152   heapauxi.o
         2          0          0          0          0          0   libinit.o
         2          0          0          0          0          0   libinit2.o
         2          0          0          0          0          0   libshutdown.o
         2          0          0          0          0          0   libshutdown2.o
         8          4          0          0         96         68   libspace.o
        24          4          0          0          0         84   noretval__2printf.o
       138          0          0          0          0         68   rt_memcpy_v6.o
       100          0          0          0          0         80   rt_memcpy_w.o
         2          0          0          0          0          0   rtexit.o
        10          0          0          0          0          0   rtexit2.o
        74          0          0          0          0         80   sys_stackheap_outer.o
         2          0          0          0          0         68   use_no_semi.o
         2          0          0          0          0         68   use_no_semi_2.o

    ----------------------------------------------------------------------
       664         26          0          0         96       1144   Library Totals
         8          0          0          0          0          0   (incl. Padding)

    ----------------------------------------------------------------------

      Code (inc. data)   RO Data    RW Data    ZI Data      Debug   Library Name

       656         26          0          0         96       1144   c_w.l

    ----------------------------------------------------------------------
       664         26          0          0         96       1144   Library Totals

    ----------------------------------------------------------------------

==============================================================================


      Code (inc. data)   RO Data    RW Data    ZI Data      Debug   

     17276       1136       1464         56      11672     414396   Grand Totals
     17276       1136       1464         56      11672     414396   ELF Image Totals
     17276       1136       1464         56          0          0   ROM Totals

==============================================================================

    Total RO  Size (Code + RO Data)                18740 (  18.30kB)
    Total RW  Size (RW Data + ZI Data)             11728 (  11.45kB)
    Total ROM Size (Code + RO Data + RW Data)      18796 (  18.36kB)

==============================================================================

